Archive member included to satisfy reference by file (symbol)

c:/Users/colle/AppData/Roaming/Code/User/globalStorage/bmd.stm32-for-vscode/@xpack-dev-tools/arm-none-eabi-gcc/15.2.1-1.1.1/.content/bin/../lib/gcc/arm-none-eabi/15.2.1/../../../../arm-none-eabi/lib/thumb/v7e-m+fp/hard\libc_nano.a(libc_a-atexit.o)
                              c:/Users/colle/AppData/Roaming/Code/User/globalStorage/bmd.stm32-for-vscode/@xpack-dev-tools/arm-none-eabi-gcc/15.2.1-1.1.1/.content/bin/../lib/gcc/arm-none-eabi/15.2.1/../../../../arm-none-eabi/lib/thumb/v7e-m+fp/hard/crt0.o (atexit)
c:/Users/colle/AppData/Roaming/Code/User/globalStorage/bmd.stm32-for-vscode/@xpack-dev-tools/arm-none-eabi-gcc/15.2.1-1.1.1/.content/bin/../lib/gcc/arm-none-eabi/15.2.1/../../../../arm-none-eabi/lib/thumb/v7e-m+fp/hard\libc_nano.a(libc_a-exit.o)
                              c:/Users/colle/AppData/Roaming/Code/User/globalStorage/bmd.stm32-for-vscode/@xpack-dev-tools/arm-none-eabi-gcc/15.2.1-1.1.1/.content/bin/../lib/gcc/arm-none-eabi/15.2.1/../../../../arm-none-eabi/lib/thumb/v7e-m+fp/hard/crt0.o (exit)
c:/Users/colle/AppData/Roaming/Code/User/globalStorage/bmd.stm32-for-vscode/@xpack-dev-tools/arm-none-eabi-gcc/15.2.1-1.1.1/.content/bin/../lib/gcc/arm-none-eabi/15.2.1/../../../../arm-none-eabi/lib/thumb/v7e-m+fp/hard\libc_nano.a(libc_a-findfp.o)
                              c:/Users/colle/AppData/Roaming/Code/User/globalStorage/bmd.stm32-for-vscode/@xpack-dev-tools/arm-none-eabi-gcc/15.2.1-1.1.1/.content/bin/../lib/gcc/arm-none-eabi/15.2.1/../../../../arm-none-eabi/lib/thumb/v7e-m+fp/hard\libc_nano.a(libc_a-exit.o) (__stdio_exit_handler)
c:/Users/colle/AppData/Roaming/Code/User/globalStorage/bmd.stm32-for-vscode/@xpack-dev-tools/arm-none-eabi-gcc/15.2.1-1.1.1/.content/bin/../lib/gcc/arm-none-eabi/15.2.1/../../../../arm-none-eabi/lib/thumb/v7e-m+fp/hard\libc_nano.a(libc_a-fwalk.o)
                              c:/Users/colle/AppData/Roaming/Code/User/globalStorage/bmd.stm32-for-vscode/@xpack-dev-tools/arm-none-eabi-gcc/15.2.1-1.1.1/.content/bin/../lib/gcc/arm-none-eabi/15.2.1/../../../../arm-none-eabi/lib/thumb/v7e-m+fp/hard\libc_nano.a(libc_a-findfp.o) (_fwalk_sglue)
c:/Users/colle/AppData/Roaming/Code/User/globalStorage/bmd.stm32-for-vscode/@xpack-dev-tools/arm-none-eabi-gcc/15.2.1-1.1.1/.content/bin/../lib/gcc/arm-none-eabi/15.2.1/../../../../arm-none-eabi/lib/thumb/v7e-m+fp/hard\libc_nano.a(libc_a-stdio.o)
                              c:/Users/colle/AppData/Roaming/Code/User/globalStorage/bmd.stm32-for-vscode/@xpack-dev-tools/arm-none-eabi-gcc/15.2.1-1.1.1/.content/bin/../lib/gcc/arm-none-eabi/15.2.1/../../../../arm-none-eabi/lib/thumb/v7e-m+fp/hard\libc_nano.a(libc_a-findfp.o) (__sread)
c:/Users/colle/AppData/Roaming/Code/User/globalStorage/bmd.stm32-for-vscode/@xpack-dev-tools/arm-none-eabi-gcc/15.2.1-1.1.1/.content/bin/../lib/gcc/arm-none-eabi/15.2.1/../../../../arm-none-eabi/lib/thumb/v7e-m+fp/hard\libc_nano.a(libc_a-memset.o)
                              c:/Users/colle/AppData/Roaming/Code/User/globalStorage/bmd.stm32-for-vscode/@xpack-dev-tools/arm-none-eabi-gcc/15.2.1-1.1.1/.content/bin/../lib/gcc/arm-none-eabi/15.2.1/../../../../arm-none-eabi/lib/thumb/v7e-m+fp/hard/crt0.o (memset)
c:/Users/colle/AppData/Roaming/Code/User/globalStorage/bmd.stm32-for-vscode/@xpack-dev-tools/arm-none-eabi-gcc/15.2.1-1.1.1/.content/bin/../lib/gcc/arm-none-eabi/15.2.1/../../../../arm-none-eabi/lib/thumb/v7e-m+fp/hard\libc_nano.a(libc_a-closer.o)
                              c:/Users/colle/AppData/Roaming/Code/User/globalStorage/bmd.stm32-for-vscode/@xpack-dev-tools/arm-none-eabi-gcc/15.2.1-1.1.1/.content/bin/../lib/gcc/arm-none-eabi/15.2.1/../../../../arm-none-eabi/lib/thumb/v7e-m+fp/hard\libc_nano.a(libc_a-stdio.o) (_close_r)
c:/Users/colle/AppData/Roaming/Code/User/globalStorage/bmd.stm32-for-vscode/@xpack-dev-tools/arm-none-eabi-gcc/15.2.1-1.1.1/.content/bin/../lib/gcc/arm-none-eabi/15.2.1/../../../../arm-none-eabi/lib/thumb/v7e-m+fp/hard\libc_nano.a(libc_a-reent.o)
                              c:/Users/colle/AppData/Roaming/Code/User/globalStorage/bmd.stm32-for-vscode/@xpack-dev-tools/arm-none-eabi-gcc/15.2.1-1.1.1/.content/bin/../lib/gcc/arm-none-eabi/15.2.1/../../../../arm-none-eabi/lib/thumb/v7e-m+fp/hard\libc_nano.a(libc_a-closer.o) (errno)
c:/Users/colle/AppData/Roaming/Code/User/globalStorage/bmd.stm32-for-vscode/@xpack-dev-tools/arm-none-eabi-gcc/15.2.1-1.1.1/.content/bin/../lib/gcc/arm-none-eabi/15.2.1/../../../../arm-none-eabi/lib/thumb/v7e-m+fp/hard\libc_nano.a(libc_a-impure.o)
                              c:/Users/colle/AppData/Roaming/Code/User/globalStorage/bmd.stm32-for-vscode/@xpack-dev-tools/arm-none-eabi-gcc/15.2.1-1.1.1/.content/bin/../lib/gcc/arm-none-eabi/15.2.1/../../../../arm-none-eabi/lib/thumb/v7e-m+fp/hard\libc_nano.a(libc_a-reent.o) (_impure_ptr)
[...]
Memory Configuration

Name             Origin             Length             Attributes
RAM              0x20000000         0x00018000         xrw
FLASH            0x08000000         0x00080000         xr
*default*        0x00000000         0xffffffff

Linker script and memory map

LOAD c:/Users/colle/AppData/Roaming/Code/User/globalStorage/bmd.stm32-for-vscode/@xpack-dev-tools/arm-none-eabi-gcc/15.2.1-1.1.1/.content/bin/../lib/gcc/arm-none-eabi/15.2.1/thumb/v7e-m+fp/hard/crti.o
LOAD c:/Users/colle/AppData/Roaming/Code/User/globalStorage/bmd.stm32-for-vscode/@xpack-dev-tools/arm-none-eabi-gcc/15.2.1-1.1.1/.content/bin/../lib/gcc/arm-none-eabi/15.2.1/thumb/v7e-m+fp/hard/crtbegin.o
LOAD c:/Users/colle/AppData/Roaming/Code/User/globalStorage/bmd.stm32-for-vscode/@xpack-dev-tools/arm-none-eabi-gcc/15.2.1-1.1.1/.content/bin/../lib/gcc/arm-none-eabi/15.2.1/../../../../arm-none-eabi/lib/thumb/v7e-m+fp/hard/crt0.o
LOAD build/debug/main.o
LOAD build/debug/stm32f4xx_hal.o
LOAD build/debug/stm32f4xx_hal_cortex.o
LOAD build/debug/stm32f4xx_hal_dma.o
LOAD build/debug/stm32f4xx_hal_dma_ex.o
LOAD build/debug/stm32f4xx_hal_exti.o
LOAD build/debug/stm32f4xx_hal_flash.o
LOAD build/debug/stm32f4xx_hal_flash_ex.o
LOAD build/debug/stm32f4xx_hal_flash_ramfunc.o
LOAD build/debug/stm32f4xx_hal_gpio.o
LOAD build/debug/stm32f4xx_hal_msp.o
LOAD build/debug/stm32f4xx_hal_pwr.o
LOAD build/debug/stm32f4xx_hal_pwr_ex.o
LOAD build/debug/stm32f4xx_hal_rcc.o
LOAD build/debug/stm32f4xx_hal_rcc_ex.o
LOAD build/debug/stm32f4xx_it.o
LOAD build/debug/syscalls.o
LOAD build/debug/sysmem.o
LOAD build/debug/system_stm32f4xx.o
LOAD build/debug/startup_stm32f401xe.o
LOAD c:/Users/colle/AppData/Roaming/Code/User/globalStorage/bmd.stm32-for-vscode/@xpack-dev-tools/arm-none-eabi-gcc/15.2.1-1.1.1/.content/bin/../lib/gcc/arm-none-eabi/15.2.1/../../../../arm-none-eabi/lib/thumb/v7e-m+fp/hard\libc_nano.a
LOAD c:/Users/colle/AppData/Roaming/Code/User/globalStorage/bmd.stm32-for-vscode/@xpack-dev-tools/arm-none-eabi-gcc/15.2.1-1.1.1/.content/bin/../lib/gcc/arm-none-eabi/15.2.1/../../../../arm-none-eabi/lib/thumb/v7e-m+fp/hard\libm.a
LOAD c:/Users/colle/AppData/Roaming/Code/User/globalStorage/bmd.stm32-for-vscode/@xpack-dev-tools/arm-none-eabi-gcc/15.2.1-1.1.1/.content/bin/../lib/gcc/arm-none-eabi/15.2.1/../../../../arm-none-eabi/lib/thumb/v7e-m+fp/hard\libnosys.a
START GROUP
LOAD c:/Users/colle/AppData/Roaming/Code/User/globalStorage/bmd.stm32-for-vscode/@xpack-dev-tools/arm-none-eabi-gcc/15.2.1-1.1.1/.content/bin/../lib/gcc/arm-none-eabi/15.2.1/thumb/v7e-m+fp/hard\libgcc.a
LOAD c:/Users/colle/AppData/Roaming/Code/User/globalStorage/bmd.stm32-for-vscode/@xpack-dev-tools/arm-none-eabi-gcc/15.2.1-1.1.1/.content/bin/../lib/gcc/arm-none-eabi/15.2.1/../../../../arm-none-eabi/lib/thumb/v7e-m+fp/hard\libc_nano.a
END GROUP
START GROUP
LOAD c:/Users/colle/AppData/Roaming/Code/User/globalStorage/bmd.stm32-for-vscode/@xpack-dev-tools/arm-none-eabi-gcc/15.2.1-1.1.1/.content/bin/../lib/gcc/arm-none-eabi/15.2.1/thumb/v7e-m+fp/hard\libgcc.a
LOAD c:/Users/colle/AppData/Roaming/Code/User/globalStorage/bmd.stm32-for-vscode/@xpack-dev-tools/arm-none-eabi-gcc/15.2.1-1.1.1/.content/bin/../lib/gcc/arm-none-eabi/15.2.1/../../../../arm-none-eabi/lib/thumb/v7e-m+fp/hard\libc_nano.a
END GROUP
LOAD c:/Users/colle/AppData/Roaming/Code/User/globalStorage/bmd.stm32-for-vscode/@xpack-dev-tools/arm-none-eabi-gcc/15.2.1-1.1.1/.content/bin/../lib/gcc/arm-none-eabi/15.2.1/thumb/v7e-m+fp/hard/crtend.o
LOAD c:/Users/colle/AppData/Roaming/Code/User/globalStorage/bmd.stm32-for-vscode/@xpack-dev-tools/arm-none-eabi-gcc/15.2.1-1.1.1/.content/bin/../lib/gcc/arm-none-eabi/15.2.1/thumb/v7e-m+fp/hard/crtn.o
                0x20018000                        _estack = (ORIGIN (RAM) + LENGTH (RAM))
                0x00000200                        _Min_Heap_Size = 0x200
                0x00000400                        _Min_Stack_Size = 0x400

.isr_vector     0x08000000      0x194
                0x08000000                        . = ALIGN (0x4)
 *(.isr_vector)
 .isr_vector    0x08000000      0x194 build/debug/startup_stm32f401xe.o
                0x08000000                g_pfnVectors
                0x08000194                        . = ALIGN (0x4)

.text           0x08000194      0xd50
                0x08000194                        . = ALIGN (0x4)
 *(.text)
 .text          0x08000194       0x30 c:/Users/colle/AppData/Roaming/Code/User/globalStorage/bmd.stm32-for-vscode/@xpack-dev-tools/arm-none-eabi-gcc/15.2.1-1.1.1/.content/bin/../lib/gcc/arm-none-eabi/15.2.1/thumb/v7e-m+fp/hard\libgcc.a(_aeabi_uldivmod.o)
                0x08000194                __aeabi_uldivmod
 .text          0x080001c4        0x4 c:/Users/colle/AppData/Roaming/Code/User/globalStorage/bmd.stm32-for-vscode/@xpack-dev-tools/arm-none-eabi-gcc/15.2.1-1.1.1/.content/bin/../lib/gcc/arm-none-eabi/15.2.1/thumb/v7e-m+fp/hard\libgcc.a(_dvmd_tls.o)
                0x080001c4                __aeabi_idiv0
                0x080001c4                __aeabi_ldiv0
 *(.text*)
 .text.__do_global_dtors_aux
                0x080001c8       0x28 c:/Users/colle/AppData/Roaming/Code/User/globalStorage/bmd.stm32-for-vscode/@xpack-dev-tools/arm-none-eabi-gcc/15.2.1-1.1.1/.content/bin/../lib/gcc/arm-none-eabi/15.2.1/thumb/v7e-m+fp/hard/crtbegin.o
 .text.frame_dummy
                0x080001f0       0x1c c:/Users/colle/AppData/Roaming/Code/User/globalStorage/bmd.stm32-for-vscode/@xpack-dev-tools/arm-none-eabi-gcc/15.2.1-1.1.1/.content/bin/../lib/gcc/arm-none-eabi/15.2.1/thumb/v7e-m+fp/hard/crtbegin.o
 .text.MX_GPIO_Init
                0x0800020c       0x24 build/debug/main.o
 .text.Error_Handler
                0x08000230        0x4 build/debug/main.o
                0x08000230                Error_Handler
 .text.SystemClock_Config
                0x08000234       0xa4 build/debug/main.o
                0x08000234                SystemClock_Config
 .text.main     0x080002d8       0x18 build/debug/main.o
                0x080002d8                main
 .text.HAL_InitTick
                0x080002f0       0x4c build/debug/stm32f4xx_hal.o
                0x080002f0                HAL_InitTick
 .text.HAL_Init
                0x0800033c       0x34 build/debug/stm32f4xx_hal.o
                0x0800033c                HAL_Init
 .text.HAL_IncTick
                0x08000370       0x18 build/debug/stm32f4xx_hal.o
                0x08000370                HAL_IncTick
 .text.HAL_GetTick
                0x08000388        0xc build/debug/stm32f4xx_hal.o
                0x08000388                HAL_GetTick
 .text.HAL_Delay
                0x08000394       0x28 build/debug/stm32f4xx_hal.o
                0x08000394                HAL_Delay
 .text.__NVIC_SetPriority
                0x080003bc       0x28 build/debug/stm32f4xx_hal_cortex.o
 .text.NVIC_EncodePriority
                0x080003e4       0x46 build/debug/stm32f4xx_hal_cortex.o
 *fill*         0x0800042a        0x2 
 .text.HAL_NVIC_SetPriorityGrouping
                0x0800042c       0x24 build/debug/stm32f4xx_hal_cortex.o
                0x0800042c                HAL_NVIC_SetPriorityGrouping
 .text.HAL_NVIC_SetPriority
                0x08000450       0x20 build/debug/stm32f4xx_hal_cortex.o
                0x08000450                HAL_NVIC_SetPriority
 .text.HAL_SYSTICK_Config
                0x08000470       0x28 build/debug/stm32f4xx_hal_cortex.o
                0x08000470                HAL_SYSTICK_Config
 .text.HAL_MspInit
                0x08000498       0x38 build/debug/stm32f4xx_hal_msp.o
                0x08000498                HAL_MspInit
 .text.HAL_RCC_OscConfig
                0x080004d0      0x3fc build/debug/stm32f4xx_hal_rcc.o
                0x080004d0                HAL_RCC_OscConfig
 .text.HAL_RCC_GetSysClockFreq
                0x080008cc       0xa8 build/debug/stm32f4xx_hal_rcc.o
                0x080008cc                HAL_RCC_GetSysClockFreq
 .text.HAL_RCC_ClockConfig
                0x08000974      0x160 build/debug/stm32f4xx_hal_rcc.o
                0x08000974                HAL_RCC_ClockConfig
 .text.NMI_Handler
                0x08000ad4        0x2 build/debug/stm32f4xx_it.o
                0x08000ad4                NMI_Handler
 .text.HardFault_Handler
                0x08000ad6        0x2 build/debug/stm32f4xx_it.o
                0x08000ad6                HardFault_Handler
 .text.MemManage_Handler
                0x08000ad8        0x2 build/debug/stm32f4xx_it.o
                0x08000ad8                MemManage_Handler
 .text.BusFault_Handler
                0x08000ada        0x2 build/debug/stm32f4xx_it.o
                0x08000ada                BusFault_Handler
 .text.UsageFault_Handler
                0x08000adc        0x2 build/debug/stm32f4xx_it.o
                0x08000adc                UsageFault_Handler
 .text.SVC_Handler
                0x08000ade        0x2 build/debug/stm32f4xx_it.o
                0x08000ade                SVC_Handler
 .text.DebugMon_Handler
                0x08000ae0        0x2 build/debug/stm32f4xx_it.o
                0x08000ae0                DebugMon_Handler
 .text.PendSV_Handler
                0x08000ae2        0x2 build/debug/stm32f4xx_it.o
                0x08000ae2                PendSV_Handler
 .text.SysTick_Handler
                0x08000ae4        0x8 build/debug/stm32f4xx_it.o
                0x08000ae4                SysTick_Handler
 .text.SystemInit
                0x08000aec       0x14 build/debug/system_stm32f4xx.o
                0x08000aec                SystemInit
 .text.Reset_Handler
                0x08000b00       0x50 build/debug/startup_stm32f401xe.o
                0x08000b00                Reset_Handler
 .text.Default_Handler
                0x08000b50        0x2 build/debug/startup_stm32f401xe.o
                0x08000b50                RTC_Alarm_IRQHandler
                0x08000b50                EXTI2_IRQHandler
                0x08000b50                SPI4_IRQHandler
                0x08000b50                TIM1_CC_IRQHandler
                0x08000b50                DMA2_Stream5_IRQHandler
                0x08000b50                DMA1_Stream5_IRQHandler
                0x08000b50                PVD_IRQHandler
                0x08000b50                SDIO_IRQHandler
                0x08000b50                TAMP_STAMP_IRQHandler
                0x08000b50                EXTI3_IRQHandler
                0x08000b50                TIM1_UP_TIM10_IRQHandler
                0x08000b50                I2C3_ER_IRQHandler
                0x08000b50                EXTI0_IRQHandler
                0x08000b50                I2C2_EV_IRQHandler
                0x08000b50                DMA1_Stream2_IRQHandler
                0x08000b50                FPU_IRQHandler
                0x08000b50                DMA2_Stream2_IRQHandler
                0x08000b50                SPI1_IRQHandler
                0x08000b50                TIM1_BRK_TIM9_IRQHandler
                0x08000b50                DMA2_Stream3_IRQHandler
                0x08000b50                USART6_IRQHandler
                0x08000b50                DMA2_Stream0_IRQHandler
                0x08000b50                TIM4_IRQHandler
                0x08000b50                I2C1_EV_IRQHandler
                0x08000b50                DMA1_Stream6_IRQHandler
                0x08000b50                DMA1_Stream1_IRQHandler
                0x08000b50                TIM3_IRQHandler
                0x08000b50                RCC_IRQHandler
                0x08000b50                Default_Handler
                0x08000b50                EXTI15_10_IRQHandler
                0x08000b50                ADC_IRQHandler
                0x08000b50                DMA1_Stream7_IRQHandler
                0x08000b50                TIM5_IRQHandler
                0x08000b50                DMA2_Stream7_IRQHandler
                0x08000b50                I2C3_EV_IRQHandler
                0x08000b50                EXTI9_5_IRQHandler
                0x08000b50                RTC_WKUP_IRQHandler
                0x08000b50                SPI2_IRQHandler
                0x08000b50                DMA1_Stream0_IRQHandler
                0x08000b50                EXTI4_IRQHandler
                0x08000b50                WWDG_IRQHandler
                0x08000b50                TIM2_IRQHandler
                0x08000b50                OTG_FS_WKUP_IRQHandler
                0x08000b50                TIM1_TRG_COM_TIM11_IRQHandler
                0x08000b50                EXTI1_IRQHandler
                0x08000b50                USART2_IRQHandler
                0x08000b50                I2C2_ER_IRQHandler
                0x08000b50                DMA2_Stream1_IRQHandler
                0x08000b50                FLASH_IRQHandler
                0x08000b50                DMA2_Stream4_IRQHandler
                0x08000b50                USART1_IRQHandler
                0x08000b50                OTG_FS_IRQHandler
                0x08000b50                SPI3_IRQHandler
                0x08000b50                DMA1_Stream4_IRQHandler
                0x08000b50                I2C1_ER_IRQHandler
                0x08000b50                DMA2_Stream6_IRQHandler
                0x08000b50                DMA1_Stream3_IRQHandler
 .text.memset   0x08000b52       0x10 c:/Users/colle/AppData/Roaming/Code/User/globalStorage/bmd.stm32-for-vscode/@xpack-dev-tools/arm-none-eabi-gcc/15.2.1-1.1.1/.content/bin/../lib/gcc/arm-none-eabi/15.2.1/../../../../arm-none-eabi/lib/thumb/v7e-m+fp/hard\libc_nano.a(libc_a-memset.o)
                0x08000b52                memset
 *fill*         0x08000b62        0x2 
 .text.__libc_init_array
                0x08000b64       0x48 c:/Users/colle/AppData/Roaming/Code/User/globalStorage/bmd.stm32-for-vscode/@xpack-dev-tools/arm-none-eabi-gcc/15.2.1-1.1.1/.content/bin/../lib/gcc/arm-none-eabi/15.2.1/../../../../arm-none-eabi/lib/thumb/v7e-m+fp/hard\libc_nano.a(libc_a-init.o)
                0x08000b64                __libc_init_array
 .text.__udivmoddi4
                0x08000bac      0x320 c:/Users/colle/AppData/Roaming/Code/User/globalStorage/bmd.stm32-for-vscode/@xpack-dev-tools/arm-none-eabi-gcc/15.2.1-1.1.1/.content/bin/../lib/gcc/arm-none-eabi/15.2.1/thumb/v7e-m+fp/hard\libgcc.a(_udivmoddi4.o)
                0x08000bac                __udivmoddi4
 *(.glue_7)
 .glue_7        0x08000ecc        0x0 linker stubs
 *(.glue_7t)
 .glue_7t       0x08000ecc        0x0 linker stubs
 *(.eh_frame)
 .eh_frame      0x08000ecc        0x0 c:/Users/colle/AppData/Roaming/Code/User/globalStorage/bmd.stm32-for-vscode/@xpack-dev-tools/arm-none-eabi-gcc/15.2.1-1.1.1/.content/bin/../lib/gcc/arm-none-eabi/15.2.1/thumb/v7e-m+fp/hard/crtbegin.o
 *(.init)
 .init          0x08000ecc        0x4 c:/Users/colle/AppData/Roaming/Code/User/globalStorage/bmd.stm32-for-vscode/@xpack-dev-tools/arm-none-eabi-gcc/15.2.1-1.1.1/.content/bin/../lib/gcc/arm-none-eabi/15.2.1/thumb/v7e-m+fp/hard/crti.o
                0x08000ecc                _init
 .init          0x08000ed0        0x8 c:/Users/colle/AppData/Roaming/Code/User/globalStorage/bmd.stm32-for-vscode/@xpack-dev-tools/arm-none-eabi-gcc/15.2.1-1.1.1/.content/bin/../lib/gcc/arm-none-eabi/15.2.1/thumb/v7e-m+fp/hard/crtn.o
 *(.fini)
 .fini          0x08000ed8        0x4 c:/Users/colle/AppData/Roaming/Code/User/globalStorage/bmd.stm32-for-vscode/@xpack-dev-tools/arm-none-eabi-gcc/15.2.1-1.1.1/.content/bin/../lib/gcc/arm-none-eabi/15.2.1/thumb/v7e-m+fp/hard/crti.o
                0x08000ed8                _fini
 .fini          0x08000edc        0x8 c:/Users/colle/AppData/Roaming/Code/User/globalStorage/bmd.stm32-for-vscode/@xpack-dev-tools/arm-none-eabi-gcc/15.2.1-1.1.1/.content/bin/../lib/gcc/arm-none-eabi/15.2.1/thumb/v7e-m+fp/hard/crtn.o
                0x08000ee4                        . = ALIGN (0x4)
                0x08000ee4                        _etext = .

.vfp11_veneer   0x08000ee4        0x0
 .vfp11_veneer  0x08000ee4        0x0 linker stubs

.v4_bx          0x08000ee4        0x0
 .v4_bx         0x08000ee4        0x0 linker stubs

.iplt           0x08000ee4        0x0
 .iplt          0x08000ee4        0x0 c:/Users/colle/AppData/Roaming/Code/User/globalStorage/bmd.stm32-for-vscode/@xpack-dev-tools/arm-none-eabi-gcc/15.2.1-1.1.1/.content/bin/../lib/gcc/arm-none-eabi/15.2.1/thumb/v7e-m+fp/hard/crtbegin.o

.rodata         0x08000ee4       0x10
                0x08000ee4                        . = ALIGN (0x4)
 *(.rodata)
 *(.rodata*)
 .rodata.AHBPrescTable
                0x08000ee4       0x10 build/debug/system_stm32f4xx.o
                0x08000ee4                AHBPrescTable
                0x08000ef4                        . = ALIGN (0x4)

.ARM.extab      0x08000ef4        0x0
                0x08000ef4                        . = ALIGN (0x4)
 *(.ARM.extab* .gnu.linkonce.armextab.*)
                0x08000ef4                        . = ALIGN (0x4)

.ARM            0x08000ef4        0x8
                0x08000ef4                        . = ALIGN (0x4)
                0x08000ef4                        __exidx_start = .
 *(.ARM.exidx*)
 .ARM.exidx.text.__udivmoddi4
                0x08000ef4        0x8 c:/Users/colle/AppData/Roaming/Code/User/globalStorage/bmd.stm32-for-vscode/@xpack-dev-tools/arm-none-eabi-gcc/15.2.1-1.1.1/.content/bin/../lib/gcc/arm-none-eabi/15.2.1/thumb/v7e-m+fp/hard\libgcc.a(_udivmoddi4.o)
                0x08000efc                        __exidx_end = .
                0x08000efc                        . = ALIGN (0x4)

.preinit_array  0x08000efc        0x0
                0x08000efc                        . = ALIGN (0x4)
                0x08000efc                        PROVIDE (__preinit_array_start = .)
 *(.preinit_array*)
                0x08000efc                        PROVIDE (__preinit_array_end = .)
                0x08000efc                        . = ALIGN (0x4)

.init_array     0x08000efc        0x4
                0x08000efc                        . = ALIGN (0x4)
                0x08000efc                        PROVIDE (__init_array_start = .)
 *(SORT_BY_NAME(.init_array.*))
 *(.init_array*)
 .init_array    0x08000efc        0x4 c:/Users/colle/AppData/Roaming/Code/User/globalStorage/bmd.stm32-for-vscode/@xpack-dev-tools/arm-none-eabi-gcc/15.2.1-1.1.1/.content/bin/../lib/gcc/arm-none-eabi/15.2.1/thumb/v7e-m+fp/hard/crtbegin.o
                0x08000f00                        PROVIDE (__init_array_end = .)
                0x08000f00                        . = ALIGN (0x4)

.fini_array     0x08000f00        0x4
                0x08000f00                        . = ALIGN (0x4)
                0x08000f00                        PROVIDE (__fini_array_start = .)
 *(SORT_BY_NAME(.fini_array.*))
 *(.fini_array*)
 .fini_array    0x08000f00        0x4 c:/Users/colle/AppData/Roaming/Code/User/globalStorage/bmd.stm32-for-vscode/@xpack-dev-tools/arm-none-eabi-gcc/15.2.1-1.1.1/.content/bin/../lib/gcc/arm-none-eabi/15.2.1/thumb/v7e-m+fp/hard/crtbegin.o
                0x08000f04                        PROVIDE (__fini_array_end = .)
                0x08000f04                        . = ALIGN (0x4)
                0x08000f04                        _sidata = LOADADDR (.data)

.rel.dyn        0x08000f04        0x0
 .rel.iplt      0x08000f04        0x0 c:/Users/colle/AppData/Roaming/Code/User/globalStorage/bmd.stm32-for-vscode/@xpack-dev-tools/arm-none-eabi-gcc/15.2.1-1.1.1/.content/bin/../lib/gcc/arm-none-eabi/15.2.1/thumb/v7e-m+fp/hard/crtbegin.o

.data           0x20000000        0xc load address 0x08000f04
                0x20000000                        . = ALIGN (0x4)
                0x20000000                        _sdata = .
 *(.data)
 *(.data*)
 .data.uwTickFreq
                0x20000000        0x1 build/debug/stm32f4xx_hal.o
                0x20000000                uwTickFreq
 *fill*         0x20000001        0x3 
 .data.uwTickPrio
                0x20000004        0x4 build/debug/stm32f4xx_hal.o
                0x20000004                uwTickPrio
 .data.SystemCoreClock
                0x20000008        0x4 build/debug/system_stm32f4xx.o
                0x20000008                SystemCoreClock
 *(.RamFunc)
 *(.RamFunc*)
                0x2000000c                        . = ALIGN (0x4)
                0x2000000c                        _edata = .

.igot.plt       0x2000000c        0x0 load address 0x08000f10
 .igot.plt      0x2000000c        0x0 c:/Users/colle/AppData/Roaming/Code/User/globalStorage/bmd.stm32-for-vscode/@xpack-dev-tools/arm-none-eabi-gcc/15.2.1-1.1.1/.content/bin/../lib/gcc/arm-none-eabi/15.2.1/thumb/v7e-m+fp/hard/crtbegin.o
                0x2000000c                        . = ALIGN (0x4)

.bss            0x2000000c       0x20 load address 0x08000f10
                0x2000000c                        _sbss = .
                0x2000000c                        __bss_start__ = _sbss
 *(.bss)
 *(.bss*)
 .bss.completed.1
                0x2000000c        0x1 c:/Users/colle/AppData/Roaming/Code/User/globalStorage/bmd.stm32-for-vscode/@xpack-dev-tools/arm-none-eabi-gcc/15.2.1-1.1.1/.content/bin/../lib/gcc/arm-none-eabi/15.2.1/thumb/v7e-m+fp/hard/crtbegin.o
 *fill*         0x2000000d        0x3 
 .bss.object.0  0x20000010       0x18 c:/Users/colle/AppData/Roaming/Code/User/globalStorage/bmd.stm32-for-vscode/@xpack-dev-tools/arm-none-eabi-gcc/15.2.1-1.1.1/.content/bin/../lib/gcc/arm-none-eabi/15.2.1/thumb/v7e-m+fp/hard/crtbegin.o
 .bss.uwTick    0x20000028        0x4 build/debug/stm32f4xx_hal.o
                0x20000028                uwTick
 *(COMMON)
                0x2000002c                        . = ALIGN (0x4)
                0x2000002c                        _ebss = .
                0x2000002c                        __bss_end__ = _ebss

._user_heap_stack
                0x2000002c      0x604 load address 0x08000f10
                0x20000030                        . = ALIGN (0x8)
 *fill*         0x2000002c        0x4 
                [!provide]                        PROVIDE (end = .)
                0x20000030                        PROVIDE (_end = .)
                0x20000230                        . = (. + _Min_Heap_Size)
 *fill*         0x20000030      0x200 
                0x20000630                        . = (. + _Min_Stack_Size)
 *fill*         0x20000230      0x400 
                0x20000630                        . = ALIGN (0x8)

/DISCARD/
 libc.a(*)
 libm.a(*)
 libgcc.a(*)
OUTPUT(build/debug/FC.elf elf32-littlearm)
LOAD linker stubs
LOAD c:/Users/colle/AppData/Roaming/Code/User/globalStorage/bmd.stm32-for-vscode/@xpack-dev-tools/arm-none-eabi-gcc/15.2.1-1.1.1/.content/bin/../lib/gcc/arm-none-eabi/15.2.1/../../../../arm-none-eabi/lib/thumb/v7e-m+fp/hard\libc.a
LOAD c:/Users/colle/AppData/Roaming/Code/User/globalStorage/bmd.stm32-for-vscode/@xpack-dev-tools/arm-none-eabi-gcc/15.2.1-1.1.1/.content/bin/../lib/gcc/arm-none-eabi/15.2.1/../../../../arm-none-eabi/lib/thumb/v7e-m+fp/hard\libm.a
LOAD c:/Users/colle/AppData/Roaming/Code/User/globalStorage/bmd.stm32-for-vscode/@xpack-dev-tools/arm-none-eabi-gcc/15.2.1-1.1.1/.content/bin/../lib/gcc/arm-none-eabi/15.2.1/thumb/v7e-m+fp/hard\libgcc.a

.ARM.attributes
                0x00000000       0x30
 .ARM.attributes
                0x00000000       0x22 c:/Users/colle/AppData/Roaming/Code/User/globalStorage/bmd.stm32-for-vscode/@xpack-dev-tools/arm-none-eabi-gcc/15.2.1-1.1.1/.content/bin/../lib/gcc/arm-none-eabi/15.2.1/thumb/v7e-m+fp/hard/crti.o
 .ARM.attributes
                0x00000022       0x34 c:/Users/colle/AppData/Roaming/Code/User/globalStorage/bmd.stm32-for-vscode/@xpack-dev-tools/arm-none-eabi-gcc/15.2.1-1.1.1/.content/bin/../lib/gcc/arm-none-eabi/15.2.1/thumb/v7e-m+fp/hard/crtbegin.o
 .ARM.attributes
                0x00000056       0x34 build/debug/main.o
 .ARM.attributes
                0x0000008a       0x34 build/debug/stm32f4xx_hal.o
 .ARM.attributes
                0x000000be       0x34 build/debug/stm32f4xx_hal_cortex.o
 .ARM.attributes
                0x000000f2       0x34 build/debug/stm32f4xx_hal_msp.o
 .ARM.attributes
                0x00000126       0x34 build/debug/stm32f4xx_hal_rcc.o
 .ARM.attributes
                0x0000015a       0x34 build/debug/stm32f4xx_it.o
 .ARM.attributes
                0x0000018e       0x34 build/debug/system_stm32f4xx.o
 .ARM.attributes
                0x000001c2       0x21 build/debug/startup_stm32f401xe.o
 .ARM.attributes
                0x000001e3       0x34 c:/Users/colle/AppData/Roaming/Code/User/globalStorage/bmd.stm32-for-vscode/@xpack-dev-tools/arm-none-eabi-gcc/15.2.1-1.1.1/.content/bin/../lib/gcc/arm-none-eabi/15.2.1/../../../../arm-none-eabi/lib/thumb/v7e-m+fp/hard\libc_nano.a(libc_a-memset.o)
 .ARM.attributes
                0x00000217       0x34 c:/Users/colle/AppData/Roaming/Code/User/globalStorage/bmd.stm32-for-vscode/@xpack-dev-tools/arm-none-eabi-gcc/15.2.1-1.1.1/.content/bin/../lib/gcc/arm-none-eabi/15.2.1/../../../../arm-none-eabi/lib/thumb/v7e-m+fp/hard\libc_nano.a(libc_a-init.o)
 .ARM.attributes
                0x0000024b       0x22 c:/Users/colle/AppData/Roaming/Code/User/globalStorage/bmd.stm32-for-vscode/@xpack-dev-tools/arm-none-eabi-gcc/15.2.1-1.1.1/.content/bin/../lib/gcc/arm-none-eabi/15.2.1/thumb/v7e-m+fp/hard\libgcc.a(_aeabi_uldivmod.o)
 .ARM.attributes
                0x0000026d       0x34 c:/Users/colle/AppData/Roaming/Code/User/globalStorage/bmd.stm32-for-vscode/@xpack-dev-tools/arm-none-eabi-gcc/15.2.1-1.1.1/.content/bin/../lib/gcc/arm-none-eabi/15.2.1/thumb/v7e-m+fp/hard\libgcc.a(_udivmoddi4.o)
 .ARM.attributes
                0x000002a1       0x22 c:/Users/colle/AppData/Roaming/Code/User/globalStorage/bmd.stm32-for-vscode/@xpack-dev-tools/arm-none-eabi-gcc/15.2.1-1.1.1/.content/bin/../lib/gcc/arm-none-eabi/15.2.1/thumb/v7e-m+fp/hard\libgcc.a(_dvmd_tls.o)
 .ARM.attributes
                0x000002c3       0x22 c:/Users/colle/AppData/Roaming/Code/User/globalStorage/bmd.stm32-for-vscode/@xpack-dev-tools/arm-none-eabi-gcc/15.2.1-1.1.1/.content/bin/../lib/gcc/arm-none-eabi/15.2.1/thumb/v7e-m+fp/hard/crtn.o

.comment        0x00000000       0x39
 .comment       0x00000000       0x39 c:/Users/colle/AppData/Roaming/Code/User/globalStorage/bmd.stm32-for-vscode/@xpack-dev-tools/arm-none-eabi-gcc/15.2.1-1.1.1/.content/bin/../lib/gcc/arm-none-eabi/15.2.1/thumb/v7e-m+fp/hard/crtbegin.o
                                 0x3a (size before relaxing)
 .comment       0x00000039        0x0 build/debug/main.o
                                 0x3a (size before relaxing)
 .comment       0x00000039        0x0 build/debug/stm32f4xx_hal.o
                                 0x3a (size before relaxing)
 .comment       0x00000039        0x0 build/debug/stm32f4xx_hal_cortex.o
                                 0x3a (size before relaxing)
 .comment       0x00000039        0x0 build/debug/stm32f4xx_hal_msp.o
                                 0x3a (size before relaxing)
 .comment       0x00000039        0x0 build/debug/stm32f4xx_hal_rcc.o
                                 0x3a (size before relaxing)
 .comment       0x00000039        0x0 build/debug/stm32f4xx_it.o
                                 0x3a (size before relaxing)
 .comment       0x00000039        0x0 build/debug/system_stm32f4xx.o
                                 0x3a (size before relaxing)
 .comment       0x00000039        0x0 c:/Users/colle/AppData/Roaming/Code/User/globalStorage/bmd.stm32-for-vscode/@xpack-dev-tools/arm-none-eabi-gcc/15.2.1-1.1.1/.content/bin/../lib/gcc/arm-none-eabi/15.2.1/../../../../arm-none-eabi/lib/thumb/v7e-m+fp/hard\libc_nano.a(libc_a-memset.o)
                                 0x3a (size before relaxing)
 .comment       0x00000039        0x0 c:/Users/colle/AppData/Roaming/Code/User/globalStorage/bmd.stm32-for-vscode/@xpack-dev-tools/arm-none-eabi-gcc/15.2.1-1.1.1/.content/bin/../lib/gcc/arm-none-eabi/15.2.1/../../../../arm-none-eabi/lib/thumb/v7e-m+fp/hard\libc_nano.a(libc_a-init.o)
                                 0x3a (size before relaxing)
 .comment       0x00000039        0x0 c:/Users/colle/AppData/Roaming/Code/User/globalStorage/bmd.stm32-for-vscode/@xpack-dev-tools/arm-none-eabi-gcc/15.2.1-1.1.1/.content/bin/../lib/gcc/arm-none-eabi/15.2.1/thumb/v7e-m+fp/hard\libgcc.a(_udivmoddi4.o)
                                 0x3a (size before relaxing)

.debug_info     0x00000000     0x39e0
 .debug_info    0x00000000      0x5b8 build/debug/main.o
 .debug_info    0x000005b8      0x959 build/debug/stm32f4xx_hal.o
 .debug_info    0x00000f11      0xf64 build/debug/stm32f4xx_hal_cortex.o
 .debug_info    0x00001e75      0x292 build/debug/stm32f4xx_hal_msp.o
 .debug_info    0x00002107      0xac8 build/debug/stm32f4xx_hal_rcc.o
 .debug_info    0x00002bcf      0x121 build/debug/stm32f4xx_it.o
 .debug_info    0x00002cf0      0x558 build/debug/system_stm32f4xx.o
 .debug_info    0x00003248       0x30 build/debug/startup_stm32f401xe.o
 .debug_info    0x00003278       0x24 c:/Users/colle/AppData/Roaming/Code/User/globalStorage/bmd.stm32-for-vscode/@xpack-dev-tools/arm-none-eabi-gcc/15.2.1-1.1.1/.content/bin/../lib/gcc/arm-none-eabi/15.2.1/thumb/v7e-m+fp/hard\libgcc.a(_aeabi_uldivmod.o)
 .debug_info    0x0000329c      0x708 c:/Users/colle/AppData/Roaming/Code/User/globalStorage/bmd.stm32-for-vscode/@xpack-dev-tools/arm-none-eabi-gcc/15.2.1-1.1.1/.content/bin/../lib/gcc/arm-none-eabi/15.2.1/thumb/v7e-m+fp/hard\libgcc.a(_udivmoddi4.o)
 .debug_info    0x000039a4       0x3c c:/Users/colle/AppData/Roaming/Code/User/globalStorage/bmd.stm32-for-vscode/@xpack-dev-tools/arm-none-eabi-gcc/15.2.1-1.1.1/.content/bin/../lib/gcc/arm-none-eabi/15.2.1/thumb/v7e-m+fp/hard\libgcc.a(_dvmd_tls.o)

.debug_abbrev   0x00000000      0xf51
 .debug_abbrev  0x00000000      0x221 build/debug/main.o
 .debug_abbrev  0x00000221      0x27d build/debug/stm32f4xx_hal.o
 .debug_abbrev  0x0000049e      0x397 build/debug/stm32f4xx_hal_cortex.o
 .debug_abbrev  0x00000835       0xdc build/debug/stm32f4xx_hal_msp.o
 .debug_abbrev  0x00000911      0x2cc build/debug/stm32f4xx_hal_rcc.o
 .debug_abbrev  0x00000bdd       0x82 build/debug/stm32f4xx_it.o
 .debug_abbrev  0x00000c5f      0x124 build/debug/system_stm32f4xx.o
 .debug_abbrev  0x00000d83       0x24 build/debug/startup_stm32f401xe.o
 .debug_abbrev  0x00000da7       0x14 c:/Users/colle/AppData/Roaming/Code/User/globalStorage/bmd.stm32-for-vscode/@xpack-dev-tools/arm-none-eabi-gcc/15.2.1-1.1.1/.content/bin/../lib/gcc/arm-none-eabi/15.2.1/thumb/v7e-m+fp/hard\libgcc.a(_aeabi_uldivmod.o)
 .debug_abbrev  0x00000dbb      0x170 c:/Users/colle/AppData/Roaming/Code/User/globalStorage/bmd.stm32-for-vscode/@xpack-dev-tools/arm-none-eabi-gcc/15.2.1-1.1.1/.content/bin/../lib/gcc/arm-none-eabi/15.2.1/thumb/v7e-m+fp/hard\libgcc.a(_udivmoddi4.o)
 .debug_abbrev  0x00000f2b       0x26 c:/Users/colle/AppData/Roaming/Code/User/globalStorage/bmd.stm32-for-vscode/@xpack-dev-tools/arm-none-eabi-gcc/15.2.1-1.1.1/.content/bin/../lib/gcc/arm-none-eabi/15.2.1/thumb/v7e-m+fp/hard\libgcc.a(_dvmd_tls.o)

.debug_aranges  0x00000000      0x3d8
 .debug_aranges
                0x00000000       0x38 build/debug/main.o
 .debug_aranges
                0x00000038       0xf0 build/debug/stm32f4xx_hal.o
 .debug_aranges
                0x00000128       0xf8 build/debug/stm32f4xx_hal_cortex.o
 .debug_aranges
                0x00000220       0x20 build/debug/stm32f4xx_hal_msp.o
 .debug_aranges
                0x00000240       0x88 build/debug/stm32f4xx_hal_rcc.o
 .debug_aranges
                0x000002c8       0x60 build/debug/stm32f4xx_it.o
 .debug_aranges
                0x00000328       0x28 build/debug/system_stm32f4xx.o
 .debug_aranges
                0x00000350       0x28 build/debug/startup_stm32f401xe.o
 .debug_aranges
                0x00000378       0x20 c:/Users/colle/AppData/Roaming/Code/User/globalStorage/bmd.stm32-for-vscode/@xpack-dev-tools/arm-none-eabi-gcc/15.2.1-1.1.1/.content/bin/../lib/gcc/arm-none-eabi/15.2.1/thumb/v7e-m+fp/hard\libgcc.a(_aeabi_uldivmod.o)
 .debug_aranges
                0x00000398       0x20 c:/Users/colle/AppData/Roaming/Code/User/globalStorage/bmd.stm32-for-vscode/@xpack-dev-tools/arm-none-eabi-gcc/15.2.1-1.1.1/.content/bin/../lib/gcc/arm-none-eabi/15.2.1/thumb/v7e-m+fp/hard\libgcc.a(_udivmoddi4.o)
 .debug_aranges
                0x000003b8       0x20 c:/Users/colle/AppData/Roaming/Code/User/globalStorage/bmd.stm32-for-vscode/@xpack-dev-tools/arm-none-eabi-gcc/15.2.1-1.1.1/.content/bin/../lib/gcc/arm-none-eabi/15.2.1/thumb/v7e-m+fp/hard\libgcc.a(_dvmd_tls.o)

.debug_rnglists
                0x00000000      0x324
 .debug_rnglists
                0x00000000       0x26 build/debug/main.o
 .debug_rnglists
                0x00000026       0xaf build/debug/stm32f4xx_hal.o
 .debug_rnglists
                0x000000d5       0xb5 build/debug/stm32f4xx_hal_cortex.o
 .debug_rnglists
                0x0000018a       0x13 build/debug/stm32f4xx_hal_msp.o
 .debug_rnglists
                0x0000019d       0x75 build/debug/stm32f4xx_hal_rcc.o
 .debug_rnglists
                0x00000212       0x43 build/debug/stm32f4xx_it.o
 .debug_rnglists
                0x00000255       0x1a build/debug/system_stm32f4xx.o
 .debug_rnglists
                0x0000026f       0x19 build/debug/startup_stm32f401xe.o
 .debug_rnglists
                0x00000288       0x9c c:/Users/colle/AppData/Roaming/Code/User/globalStorage/bmd.stm32-for-vscode/@xpack-dev-tools/arm-none-eabi-gcc/15.2.1-1.1.1/.content/bin/../lib/gcc/arm-none-eabi/15.2.1/thumb/v7e-m+fp/hard\libgcc.a(_udivmoddi4.o)

.debug_line     0x00000000     0x2c97
 .debug_line    0x00000000      0x3a8 build/debug/main.o
 .debug_line    0x000003a8      0x611 build/debug/stm32f4xx_hal.o
 .debug_line    0x000009b9      0x8e1 build/debug/stm32f4xx_hal_cortex.o
 .debug_line    0x0000129a      0x1fe build/debug/stm32f4xx_hal_msp.o
 .debug_line    0x00001498      0xc67 build/debug/stm32f4xx_hal_rcc.o
 .debug_line    0x000020ff      0x13d build/debug/stm32f4xx_it.o
 .debug_line    0x0000223c      0x2f5 build/debug/system_stm32f4xx.o
 .debug_line    0x00002531       0x76 build/debug/startup_stm32f401xe.o
 .debug_line    0x000025a7       0x4e c:/Users/colle/AppData/Roaming/Code/User/globalStorage/bmd.stm32-for-vscode/@xpack-dev-tools/arm-none-eabi-gcc/15.2.1-1.1.1/.content/bin/../lib/gcc/arm-none-eabi/15.2.1/thumb/v7e-m+fp/hard\libgcc.a(_aeabi_uldivmod.o)
 .debug_line    0x000025f5      0x658 c:/Users/colle/AppData/Roaming/Code/User/globalStorage/bmd.stm32-for-vscode/@xpack-dev-tools/arm-none-eabi-gcc/15.2.1-1.1.1/.content/bin/../lib/gcc/arm-none-eabi/15.2.1/thumb/v7e-m+fp/hard\libgcc.a(_udivmoddi4.o)
 .debug_line    0x00002c4d       0x4a c:/Users/colle/AppData/Roaming/Code/User/globalStorage/bmd.stm32-for-vscode/@xpack-dev-tools/arm-none-eabi-gcc/15.2.1-1.1.1/.content/bin/../lib/gcc/arm-none-eabi/15.2.1/thumb/v7e-m+fp/hard\libgcc.a(_dvmd_tls.o)

.debug_str      0x00000000     0x1c54
 .debug_str     0x00000000     0x1c54 build/debug/main.o
                                0x4a0 (size before relaxing)
 .debug_str     0x00001c54        0x0 build/debug/stm32f4xx_hal.o
                                0xa0a (size before relaxing)
 .debug_str     0x00001c54        0x0 build/debug/stm32f4xx_hal_cortex.o
                                0xb09 (size before relaxing)
 .debug_str     0x00001c54        0x0 build/debug/stm32f4xx_hal_msp.o
                                0x2c3 (size before relaxing)
 .debug_str     0x00001c54        0x0 build/debug/stm32f4xx_hal_rcc.o
                                0x70e (size before relaxing)
 .debug_str     0x00001c54        0x0 build/debug/stm32f4xx_it.o
                                0x225 (size before relaxing)
 .debug_str     0x00001c54        0x0 build/debug/system_stm32f4xx.o
                                0x37d (size before relaxing)
 .debug_str     0x00001c54        0x0 build/debug/startup_stm32f401xe.o
                                 0x74 (size before relaxing)
 .debug_str     0x00001c54        0x0 c:/Users/colle/AppData/Roaming/Code/User/globalStorage/bmd.stm32-for-vscode/@xpack-dev-tools/arm-none-eabi-gcc/15.2.1-1.1.1/.content/bin/../lib/gcc/arm-none-eabi/15.2.1/thumb/v7e-m+fp/hard\libgcc.a(_aeabi_uldivmod.o)
                                0x194 (size before relaxing)
 .debug_str     0x00001c54        0x0 c:/Users/colle/AppData/Roaming/Code/User/globalStorage/bmd.stm32-for-vscode/@xpack-dev-tools/arm-none-eabi-gcc/15.2.1-1.1.1/.content/bin/../lib/gcc/arm-none-eabi/15.2.1/thumb/v7e-m+fp/hard\libgcc.a(_udivmoddi4.o)
                                0x7ad (size before relaxing)
 .debug_str     0x00001c54        0x0 c:/Users/colle/AppData/Roaming/Code/User/globalStorage/bmd.stm32-for-vscode/@xpack-dev-tools/arm-none-eabi-gcc/15.2.1-1.1.1/.content/bin/../lib/gcc/arm-none-eabi/15.2.1/thumb/v7e-m+fp/hard\libgcc.a(_dvmd_tls.o)
                                0x1b4 (size before relaxing)

.debug_frame    0x00000000      0x750
 .debug_frame   0x00000000       0x74 build/debug/main.o
 .debug_frame   0x00000074      0x1ec build/debug/stm32f4xx_hal.o
 .debug_frame   0x00000260      0x214 build/debug/stm32f4xx_hal_cortex.o
 .debug_frame   0x00000474       0x28 build/debug/stm32f4xx_hal_msp.o
 .debug_frame   0x0000049c      0x16c build/debug/stm32f4xx_hal_rcc.o
 .debug_frame   0x00000608       0xa8 build/debug/stm32f4xx_it.o
 .debug_frame   0x000006b0       0x30 build/debug/system_stm32f4xx.o
 .debug_frame   0x000006e0       0x2c c:/Users/colle/AppData/Roaming/Code/User/globalStorage/bmd.stm32-for-vscode/@xpack-dev-tools/arm-none-eabi-gcc/15.2.1-1.1.1/.content/bin/../lib/gcc/arm-none-eabi/15.2.1/thumb/v7e-m+fp/hard\libgcc.a(_aeabi_uldivmod.o)
 .debug_frame   0x0000070c       0x44 c:/Users/colle/AppData/Roaming/Code/User/globalStorage/bmd.stm32-for-vscode/@xpack-dev-tools/arm-none-eabi-gcc/15.2.1-1.1.1/.content/bin/../lib/gcc/arm-none-eabi/15.2.1/thumb/v7e-m+fp/hard\libgcc.a(_udivmoddi4.o)

.debug_loclists
                0x00000000     0x1471
 .debug_loclists
                0x00000000       0xe1 build/debug/stm32f4xx_hal.o
 .debug_loclists
                0x000000e1      0x500 build/debug/stm32f4xx_hal_cortex.o
 .debug_loclists
                0x000005e1      0x3b1 build/debug/stm32f4xx_hal_rcc.o
 .debug_loclists
                0x00000992       0x70 build/debug/system_stm32f4xx.o
 .debug_loclists
                0x00000a02      0xa6f c:/Users/colle/AppData/Roaming/Code/User/globalStorage/bmd.stm32-for-vscode/@xpack-dev-tools/arm-none-eabi-gcc/15.2.1-1.1.1/.content/bin/../lib/gcc/arm-none-eabi/15.2.1/thumb/v7e-m+fp/hard\libgcc.a(_udivmoddi4.o)

.debug_line_str
                0x00000000      0x1ea
 .debug_line_str
                0x00000000      0x1ea build/debug/startup_stm32f401xe.o
                                 0x58 (size before relaxing)
 .debug_line_str
                0x000001ea        0x0 c:/Users/colle/AppData/Roaming/Code/User/globalStorage/bmd.stm32-for-vscode/@xpack-dev-tools/arm-none-eabi-gcc/15.2.1-1.1.1/.content/bin/../lib/gcc/arm-none-eabi/15.2.1/thumb/v7e-m+fp/hard\libgcc.a(_aeabi_uldivmod.o)
                                0x186 (size before relaxing)
 .debug_line_str
                0x000001ea        0x0 c:/Users/colle/AppData/Roaming/Code/User/globalStorage/bmd.stm32-for-vscode/@xpack-dev-tools/arm-none-eabi-gcc/15.2.1-1.1.1/.content/bin/../lib/gcc/arm-none-eabi/15.2.1/thumb/v7e-m+fp/hard\libgcc.a(_dvmd_tls.o)
                                0x18a (size before relaxing)

Cross Reference Table

Symbol                                            File
ADC_IRQHandler                                    build/debug/startup_stm32f401xe.o
AHBPrescTable                                     build/debug/system_stm32f4xx.o
                                                  build/debug/stm32f4xx_hal_rcc.o
APBPrescTable                                     build/debug/system_stm32f4xx.o
                                                  build/debug/stm32f4xx_hal_rcc.o
BusFault_Handler                                  build/debug/stm32f4xx_it.o
DMA1_Stream0_IRQHandler                           build/debug/startup_stm32f401xe.o
DMA1_Stream1_IRQHandler                           build/debug/startup_stm32f401xe.o
DMA1_Stream2_IRQHandler                           build/debug/startup_stm32f401xe.o
DMA1_Stream3_IRQHandler                           build/debug/startup_stm32f401xe.o
DMA1_Stream4_IRQHandler                           build/debug/startup_stm32f401xe.o
DMA1_Stream5_IRQHandler                           build/debug/startup_stm32f401xe.o
DMA1_Stream6_IRQHandler                           build/debug/startup_stm32f401xe.o
DMA1_Stream7_IRQHandler                           build/debug/startup_stm32f401xe.o
DMA2_Stream0_IRQHandler                           build/debug/startup_stm32f401xe.o
DMA2_Stream1_IRQHandler                           build/debug/startup_stm32f401xe.o
DMA2_Stream2_IRQHandler                           build/debug/startup_stm32f401xe.o
DMA2_Stream3_IRQHandler                           build/debug/startup_stm32f401xe.o
DMA2_Stream4_IRQHandler                           build/debug/startup_stm32f401xe.o
DMA2_Stream5_IRQHandler                           build/debug/startup_stm32f401xe.o
DMA2_Stream6_IRQHandler                           build/debug/startup_stm32f401xe.o
DMA2_Stream7_IRQHandler                           build/debug/startup_stm32f401xe.o
DebugMon_Handler                                  build/debug/stm32f4xx_it.o
Default_Handler                                   build/debug/startup_stm32f401xe.o
EXTI0_IRQHandler                                  build/debug/startup_stm32f401xe.o
EXTI15_10_IRQHandler                              build/debug/startup_stm32f401xe.o
EXTI1_IRQHandler                                  build/debug/startup_stm32f401xe.o
EXTI2_IRQHandler                                  build/debug/startup_stm32f401xe.o
EXTI3_IRQHandler                                  build/debug/startup_stm32f401xe.o
EXTI4_IRQHandler                                  build/debug/startup_stm32f401xe.o
EXTI9_5_IRQHandler                                build/debug/startup_stm32f401xe.o
Error_Handler                                     build/debug/main.o
FLASH_Erase_Sector                                build/debug/stm32f4xx_hal_flash_ex.o
                                                  build/debug/stm32f4xx_hal_flash.o
FLASH_FlushCaches                                 build/debug/stm32f4xx_hal_flash_ex.o
                                                  build/debug/stm32f4xx_hal_flash.o
FLASH_IRQHandler                                  build/debug/startup_stm32f401xe.o
FLASH_WaitForLastOperation                        build/debug/stm32f4xx_hal_flash.o
                                                  build/debug/stm32f4xx_hal_flash_ex.o
FPU_IRQHandler                                    build/debug/startup_stm32f401xe.o
HAL_CORTEX_ClearEvent                             build/debug/stm32f4xx_hal_cortex.o
HAL_DBGMCU_DisableDBGSleepMode                    build/debug/stm32f4xx_hal.o
HAL_DBGMCU_DisableDBGStandbyMode                  build/debug/stm32f4xx_hal.o
HAL_DBGMCU_DisableDBGStopMode                     build/debug/stm32f4xx_hal.o
HAL_DBGMCU_EnableDBGSleepMode                     build/debug/stm32f4xx_hal.o
HAL_DBGMCU_EnableDBGStandbyMode                   build/debug/stm32f4xx_hal.o
HAL_DBGMCU_EnableDBGStopMode                      build/debug/stm32f4xx_hal.o
HAL_DMAEx_ChangeMemory                            build/debug/stm32f4xx_hal_dma_ex.o
HAL_DMAEx_MultiBufferStart                        build/debug/stm32f4xx_hal_dma_ex.o
HAL_DMAEx_MultiBufferStart_IT                     build/debug/stm32f4xx_hal_dma_ex.o
HAL_DMA_Abort                                     build/debug/stm32f4xx_hal_dma.o
HAL_DMA_Abort_IT                                  build/debug/stm32f4xx_hal_dma.o
HAL_DMA_DeInit                                    build/debug/stm32f4xx_hal_dma.o
HAL_DMA_GetError                                  build/debug/stm32f4xx_hal_dma.o
HAL_DMA_GetState                                  build/debug/stm32f4xx_hal_dma.o
HAL_DMA_IRQHandler                                build/debug/stm32f4xx_hal_dma.o
HAL_DMA_Init                                      build/debug/stm32f4xx_hal_dma.o
HAL_DMA_PollForTransfer                           build/debug/stm32f4xx_hal_dma.o
HAL_DMA_RegisterCallback                          build/debug/stm32f4xx_hal_dma.o
HAL_DMA_Start                                     build/debug/stm32f4xx_hal_dma.o
HAL_DMA_Start_IT                                  build/debug/stm32f4xx_hal_dma.o
HAL_DMA_UnRegisterCallback                        build/debug/stm32f4xx_hal_dma.o
HAL_DeInit                                        build/debug/stm32f4xx_hal.o
HAL_Delay                                         build/debug/stm32f4xx_hal.o
                                                  build/debug/main.o
HAL_DisableCompensationCell                       build/debug/stm32f4xx_hal.o
HAL_EXTI_ClearConfigLine                          build/debug/stm32f4xx_hal_exti.o
HAL_EXTI_ClearPending                             build/debug/stm32f4xx_hal_exti.o
HAL_EXTI_GenerateSWI                              build/debug/stm32f4xx_hal_exti.o
HAL_EXTI_GetConfigLine                            build/debug/stm32f4xx_hal_exti.o
HAL_EXTI_GetHandle                                build/debug/stm32f4xx_hal_exti.o
HAL_EXTI_GetPending                               build/debug/stm32f4xx_hal_exti.o
HAL_EXTI_IRQHandler                               build/debug/stm32f4xx_hal_exti.o
HAL_EXTI_RegisterCallback                         build/debug/stm32f4xx_hal_exti.o
HAL_EXTI_SetConfigLine                            build/debug/stm32f4xx_hal_exti.o
HAL_EnableCompensationCell                        build/debug/stm32f4xx_hal.o
HAL_FLASHEx_AdvOBGetConfig                        build/debug/stm32f4xx_hal_flash_ex.o
HAL_FLASHEx_AdvOBProgram                          build/debug/stm32f4xx_hal_flash_ex.o
HAL_FLASHEx_Erase                                 build/debug/stm32f4xx_hal_flash_ex.o
HAL_FLASHEx_Erase_IT                              build/debug/stm32f4xx_hal_flash_ex.o
HAL_FLASHEx_OBGetConfig                           build/debug/stm32f4xx_hal_flash_ex.o
HAL_FLASHEx_OBProgram                             build/debug/stm32f4xx_hal_flash_ex.o
HAL_FLASHEx_OB_DeSelectPCROP                      build/debug/stm32f4xx_hal_flash_ex.o
HAL_FLASHEx_OB_SelectPCROP                        build/debug/stm32f4xx_hal_flash_ex.o
HAL_FLASH_EndOfOperationCallback                  build/debug/stm32f4xx_hal_flash.o
HAL_FLASH_GetError                                build/debug/stm32f4xx_hal_flash.o
HAL_FLASH_IRQHandler                              build/debug/stm32f4xx_hal_flash.o
HAL_FLASH_Lock                                    build/debug/stm32f4xx_hal_flash.o
HAL_FLASH_OB_Launch                               build/debug/stm32f4xx_hal_flash.o
HAL_FLASH_OB_Lock                                 build/debug/stm32f4xx_hal_flash.o
HAL_FLASH_OB_Unlock                               build/debug/stm32f4xx_hal_flash.o
HAL_FLASH_OperationErrorCallback                  build/debug/stm32f4xx_hal_flash.o
HAL_FLASH_Program                                 build/debug/stm32f4xx_hal_flash.o
HAL_FLASH_Program_IT                              build/debug/stm32f4xx_hal_flash.o
HAL_FLASH_Unlock                                  build/debug/stm32f4xx_hal_flash.o
HAL_GPIO_DeInit                                   build/debug/stm32f4xx_hal_gpio.o
HAL_GPIO_EXTI_Callback                            build/debug/stm32f4xx_hal_gpio.o
HAL_GPIO_EXTI_IRQHandler                          build/debug/stm32f4xx_hal_gpio.o
HAL_GPIO_Init                                     build/debug/stm32f4xx_hal_gpio.o
                                                  build/debug/stm32f4xx_hal_rcc.o
HAL_GPIO_LockPin                                  build/debug/stm32f4xx_hal_gpio.o
HAL_GPIO_ReadPin                                  build/debug/stm32f4xx_hal_gpio.o
HAL_GPIO_TogglePin                                build/debug/stm32f4xx_hal_gpio.o
HAL_GPIO_WritePin                                 build/debug/stm32f4xx_hal_gpio.o
HAL_GetDEVID                                      build/debug/stm32f4xx_hal.o
HAL_GetHalVersion                                 build/debug/stm32f4xx_hal.o
HAL_GetREVID                                      build/debug/stm32f4xx_hal.o
HAL_GetTick                                       build/debug/stm32f4xx_hal.o
                                                  build/debug/stm32f4xx_hal_rcc_ex.o
                                                  build/debug/stm32f4xx_hal_rcc.o
                                                  build/debug/stm32f4xx_hal_pwr_ex.o
                                                  build/debug/stm32f4xx_hal_flash.o
                                                  build/debug/stm32f4xx_hal_dma.o
HAL_GetTickFreq                                   build/debug/stm32f4xx_hal.o
HAL_GetTickPrio                                   build/debug/stm32f4xx_hal.o
HAL_GetUIDw0                                      build/debug/stm32f4xx_hal.o
HAL_GetUIDw1                                      build/debug/stm32f4xx_hal.o
HAL_GetUIDw2                                      build/debug/stm32f4xx_hal.o
HAL_IncTick                                       build/debug/stm32f4xx_hal.o
                                                  build/debug/stm32f4xx_it.o
HAL_Init                                          build/debug/stm32f4xx_hal.o
                                                  build/debug/main.o
HAL_InitTick                                      build/debug/stm32f4xx_hal.o
                                                  build/debug/stm32f4xx_hal_rcc_ex.o
                                                  build/debug/stm32f4xx_hal_rcc.o
HAL_MPU_ConfigRegion                              build/debug/stm32f4xx_hal_cortex.o
HAL_MPU_Disable                                   build/debug/stm32f4xx_hal_cortex.o
HAL_MPU_DisableRegion                             build/debug/stm32f4xx_hal_cortex.o
HAL_MPU_Enable                                    build/debug/stm32f4xx_hal_cortex.o
HAL_MPU_EnableRegion                              build/debug/stm32f4xx_hal_cortex.o
HAL_MspDeInit                                     build/debug/stm32f4xx_hal.o
HAL_MspInit                                       build/debug/stm32f4xx_hal_msp.o
                                                  build/debug/stm32f4xx_hal.o
HAL_NVIC_ClearPendingIRQ                          build/debug/stm32f4xx_hal_cortex.o
HAL_NVIC_DisableIRQ                               build/debug/stm32f4xx_hal_cortex.o
HAL_NVIC_EnableIRQ                                build/debug/stm32f4xx_hal_cortex.o
HAL_NVIC_GetActive                                build/debug/stm32f4xx_hal_cortex.o
HAL_NVIC_GetPendingIRQ                            build/debug/stm32f4xx_hal_cortex.o
HAL_NVIC_GetPriority                              build/debug/stm32f4xx_hal_cortex.o
HAL_NVIC_GetPriorityGrouping                      build/debug/stm32f4xx_hal_cortex.o
HAL_NVIC_SetPendingIRQ                            build/debug/stm32f4xx_hal_cortex.o
HAL_NVIC_SetPriority                              build/debug/stm32f4xx_hal_cortex.o
                                                  build/debug/stm32f4xx_hal.o
HAL_NVIC_SetPriorityGrouping                      build/debug/stm32f4xx_hal_cortex.o
                                                  build/debug/stm32f4xx_hal.o
HAL_NVIC_SystemReset                              build/debug/stm32f4xx_hal_cortex.o
HAL_PWREx_ControlVoltageScaling                   build/debug/stm32f4xx_hal_pwr_ex.o
HAL_PWREx_DisableBkUpReg                          build/debug/stm32f4xx_hal_pwr_ex.o
HAL_PWREx_DisableFlashPowerDown                   build/debug/stm32f4xx_hal_pwr_ex.o
HAL_PWREx_DisableLowRegulatorLowVoltage           build/debug/stm32f4xx_hal_pwr_ex.o
HAL_PWREx_DisableMainRegulatorLowVoltage          build/debug/stm32f4xx_hal_pwr_ex.o
HAL_PWREx_EnableBkUpReg                           build/debug/stm32f4xx_hal_pwr_ex.o
HAL_PWREx_EnableFlashPowerDown                    build/debug/stm32f4xx_hal_pwr_ex.o
HAL_PWREx_EnableLowRegulatorLowVoltage            build/debug/stm32f4xx_hal_pwr_ex.o
HAL_PWREx_EnableMainRegulatorLowVoltage           build/debug/stm32f4xx_hal_pwr_ex.o
HAL_PWREx_GetVoltageRange                         build/debug/stm32f4xx_hal_pwr_ex.o
HAL_PWR_ConfigPVD                                 build/debug/stm32f4xx_hal_pwr.o
HAL_PWR_DeInit                                    build/debug/stm32f4xx_hal_pwr.o
HAL_PWR_DisableBkUpAccess                         build/debug/stm32f4xx_hal_pwr.o
HAL_PWR_DisablePVD                                build/debug/stm32f4xx_hal_pwr.o
HAL_PWR_DisableSEVOnPend                          build/debug/stm32f4xx_hal_pwr.o
HAL_PWR_DisableSleepOnExit                        build/debug/stm32f4xx_hal_pwr.o
HAL_PWR_DisableWakeUpPin                          build/debug/stm32f4xx_hal_pwr.o
HAL_PWR_EnableBkUpAccess                          build/debug/stm32f4xx_hal_pwr.o
HAL_PWR_EnablePVD                                 build/debug/stm32f4xx_hal_pwr.o
HAL_PWR_EnableSEVOnPend                           build/debug/stm32f4xx_hal_pwr.o
HAL_PWR_EnableSleepOnExit                         build/debug/stm32f4xx_hal_pwr.o
HAL_PWR_EnableWakeUpPin                           build/debug/stm32f4xx_hal_pwr.o
HAL_PWR_EnterSLEEPMode                            build/debug/stm32f4xx_hal_pwr.o
HAL_PWR_EnterSTANDBYMode                          build/debug/stm32f4xx_hal_pwr.o
HAL_PWR_EnterSTOPMode                             build/debug/stm32f4xx_hal_pwr.o
HAL_PWR_PVDCallback                               build/debug/stm32f4xx_hal_pwr.o
HAL_PWR_PVD_IRQHandler                            build/debug/stm32f4xx_hal_pwr.o
HAL_RCCEx_DisablePLLI2S                           build/debug/stm32f4xx_hal_rcc_ex.o
HAL_RCCEx_EnablePLLI2S                            build/debug/stm32f4xx_hal_rcc_ex.o
HAL_RCCEx_GetPeriphCLKConfig                      build/debug/stm32f4xx_hal_rcc_ex.o
HAL_RCCEx_GetPeriphCLKFreq                        build/debug/stm32f4xx_hal_rcc_ex.o
HAL_RCCEx_PeriphCLKConfig                         build/debug/stm32f4xx_hal_rcc_ex.o
HAL_RCC_CSSCallback                               build/debug/stm32f4xx_hal_rcc.o
HAL_RCC_ClockConfig                               build/debug/stm32f4xx_hal_rcc.o
                                                  build/debug/main.o
HAL_RCC_DeInit                                    build/debug/stm32f4xx_hal_rcc_ex.o
                                                  build/debug/stm32f4xx_hal_rcc.o
HAL_RCC_DisableCSS                                build/debug/stm32f4xx_hal_rcc.o
HAL_RCC_EnableCSS                                 build/debug/stm32f4xx_hal_rcc.o
HAL_RCC_GetClockConfig                            build/debug/stm32f4xx_hal_rcc.o
HAL_RCC_GetHCLKFreq                               build/debug/stm32f4xx_hal_rcc.o
HAL_RCC_GetOscConfig                              build/debug/stm32f4xx_hal_rcc.o
HAL_RCC_GetPCLK1Freq                              build/debug/stm32f4xx_hal_rcc.o
HAL_RCC_GetPCLK2Freq                              build/debug/stm32f4xx_hal_rcc.o
HAL_RCC_GetSysClockFreq                           build/debug/stm32f4xx_hal_rcc.o
HAL_RCC_MCOConfig                                 build/debug/stm32f4xx_hal_rcc.o
HAL_RCC_NMI_IRQHandler                            build/debug/stm32f4xx_hal_rcc.o
HAL_RCC_OscConfig                                 build/debug/stm32f4xx_hal_rcc.o
                                                  build/debug/main.o
HAL_ResumeTick                                    build/debug/stm32f4xx_hal.o
HAL_SYSTICK_CLKSourceConfig                       build/debug/stm32f4xx_hal_cortex.o
HAL_SYSTICK_Callback                              build/debug/stm32f4xx_hal_cortex.o
HAL_SYSTICK_Config                                build/debug/stm32f4xx_hal_cortex.o
                                                  build/debug/stm32f4xx_hal.o
HAL_SYSTICK_IRQHandler                            build/debug/stm32f4xx_hal_cortex.o
HAL_SetTickFreq                                   build/debug/stm32f4xx_hal.o
HAL_SuspendTick                                   build/debug/stm32f4xx_hal.o
HardFault_Handler                                 build/debug/stm32f4xx_it.o
I2C1_ER_IRQHandler                                build/debug/startup_stm32f401xe.o
I2C1_EV_IRQHandler                                build/debug/startup_stm32f401xe.o
I2C2_ER_IRQHandler                                build/debug/startup_stm32f401xe.o
I2C2_EV_IRQHandler                                build/debug/startup_stm32f401xe.o
I2C3_ER_IRQHandler                                build/debug/startup_stm32f401xe.o
I2C3_EV_IRQHandler                                build/debug/startup_stm32f401xe.o
MemManage_Handler                                 build/debug/stm32f4xx_it.o
NMI_Handler                                       build/debug/stm32f4xx_it.o
OTG_FS_IRQHandler                                 build/debug/startup_stm32f401xe.o
OTG_FS_WKUP_IRQHandler                            build/debug/startup_stm32f401xe.o
PVD_IRQHandler                                    build/debug/startup_stm32f401xe.o
PendSV_Handler                                    build/debug/stm32f4xx_it.o
RCC_IRQHandler                                    build/debug/startup_stm32f401xe.o
RTC_Alarm_IRQHandler                              build/debug/startup_stm32f401xe.o
RTC_WKUP_IRQHandler                               build/debug/startup_stm32f401xe.o
Reset_Handler                                     build/debug/startup_stm32f401xe.o
SDIO_IRQHandler                                   build/debug/startup_stm32f401xe.o
SPI1_IRQHandler                                   build/debug/startup_stm32f401xe.o
SPI2_IRQHandler                                   build/debug/startup_stm32f401xe.o
SPI3_IRQHandler                                   build/debug/startup_stm32f401xe.o
SPI4_IRQHandler                                   build/debug/startup_stm32f401xe.o
SVC_Handler                                       build/debug/stm32f4xx_it.o
SysTick_Handler                                   build/debug/stm32f4xx_it.o
SystemClock_Config                                build/debug/main.o
SystemCoreClock                                   build/debug/system_stm32f4xx.o
                                                  build/debug/stm32f4xx_hal_rcc_ex.o
                                                  build/debug/stm32f4xx_hal_rcc.o
                                                  build/debug/stm32f4xx_hal_dma.o
                                                  build/debug/stm32f4xx_hal.o
SystemCoreClockUpdate                             build/debug/system_stm32f4xx.o
SystemInit                                        build/debug/system_stm32f4xx.o
                                                  build/debug/startup_stm32f401xe.o
TAMP_STAMP_IRQHandler                             build/debug/startup_stm32f401xe.o
TIM1_BRK_TIM9_IRQHandler                          build/debug/startup_stm32f401xe.o
TIM1_CC_IRQHandler                                build/debug/startup_stm32f401xe.o
TIM1_TRG_COM_TIM11_IRQHandler                     build/debug/startup_stm32f401xe.o
TIM1_UP_TIM10_IRQHandler                          build/debug/startup_stm32f401xe.o
TIM2_IRQHandler                                   build/debug/startup_stm32f401xe.o
TIM3_IRQHandler                                   build/debug/startup_stm32f401xe.o
TIM4_IRQHandler                                   build/debug/startup_stm32f401xe.o
TIM5_IRQHandler                                   build/debug/startup_stm32f401xe.o
USART1_IRQHandler                                 build/debug/startup_stm32f401xe.o
USART2_IRQHandler                                 build/debug/startup_stm32f401xe.o
USART6_IRQHandler                                 build/debug/startup_stm32f401xe.o
UsageFault_Handler                                build/debug/stm32f4xx_it.o
WWDG_IRQHandler                                   build/debug/startup_stm32f401xe.o
_Min_Stack_Size                                   build/debug/sysmem.o
__aeabi_idiv0                                     c:/Users/colle/AppData/Roaming/Code/User/globalStorage/bmd.stm32-for-vscode/@xpack-dev-tools/arm-none-eabi-gcc/15.2.1-1.1.1/.content/bin/../lib/gcc/arm-none-eabi/15.2.1/thumb/v7e-m+fp/hard\libgcc.a(_dvmd_tls.o)
__aeabi_ldiv0                                     c:/Users/colle/AppData/Roaming/Code/User/globalStorage/bmd.stm32-for-vscode/@xpack-dev-tools/arm-none-eabi-gcc/15.2.1-1.1.1/.content/bin/../lib/gcc/arm-none-eabi/15.2.1/thumb/v7e-m+fp/hard\libgcc.a(_dvmd_tls.o)
                                                  c:/Users/colle/AppData/Roaming/Code/User/globalStorage/bmd.stm32-for-vscode/@xpack-dev-tools/arm-none-eabi-gcc/15.2.1-1.1.1/.content/bin/../lib/gcc/arm-none-eabi/15.2.1/thumb/v7e-m+fp/hard\libgcc.a(_aeabi_uldivmod.o)
__aeabi_uldivmod                                  c:/Users/colle/AppData/Roaming/Code/User/globalStorage/bmd.stm32-for-vscode/@xpack-dev-tools/arm-none-eabi-gcc/15.2.1-1.1.1/.content/bin/../lib/gcc/arm-none-eabi/15.2.1/thumb/v7e-m+fp/hard\libgcc.a(_aeabi_uldivmod.o)
                                                  build/debug/stm32f4xx_hal_rcc.o
__atexit                                          c:/Users/colle/AppData/Roaming/Code/User/globalStorage/bmd.stm32-for-vscode/@xpack-dev-tools/arm-none-eabi-gcc/15.2.1-1.1.1/.content/bin/../lib/gcc/arm-none-eabi/15.2.1/../../../../arm-none-eabi/lib/thumb/v7e-m+fp/hard\libc_nano.a(libc_a-__call_atexit.o)
                                                  c:/Users/colle/AppData/Roaming/Code/User/globalStorage/bmd.stm32-for-vscode/@xpack-dev-tools/arm-none-eabi-gcc/15.2.1-1.1.1/.content/bin/../lib/gcc/arm-none-eabi/15.2.1/../../../../arm-none-eabi/lib/thumb/v7e-m+fp/hard\libc_nano.a(libc_a-__atexit.o)
__atexit0                                         c:/Users/colle/AppData/Roaming/Code/User/globalStorage/bmd.stm32-for-vscode/@xpack-dev-tools/arm-none-eabi-gcc/15.2.1-1.1.1/.content/bin/../lib/gcc/arm-none-eabi/15.2.1/../../../../arm-none-eabi/lib/thumb/v7e-m+fp/hard\libc_nano.a(libc_a-__atexit.o)
__atexit_dummy                                    c:/Users/colle/AppData/Roaming/Code/User/globalStorage/bmd.stm32-for-vscode/@xpack-dev-tools/arm-none-eabi-gcc/15.2.1-1.1.1/.content/bin/../lib/gcc/arm-none-eabi/15.2.1/../../../../arm-none-eabi/lib/thumb/v7e-m+fp/hard\libc_nano.a(libc_a-__atexit.o)
__atexit_recursive_mutex                          c:/Users/colle/AppData/Roaming/Code/User/globalStorage/bmd.stm32-for-vscode/@xpack-dev-tools/arm-none-eabi-gcc/15.2.1-1.1.1/.content/bin/../lib/gcc/arm-none-eabi/15.2.1/../../../../arm-none-eabi/lib/thumb/v7e-m+fp/hard\libc_nano.a(libc_a-__call_atexit.o)
                                                  c:/Users/colle/AppData/Roaming/Code/User/globalStorage/bmd.stm32-for-vscode/@xpack-dev-tools/arm-none-eabi-gcc/15.2.1-1.1.1/.content/bin/../lib/gcc/arm-none-eabi/15.2.1/../../../../arm-none-eabi/lib/thumb/v7e-m+fp/hard\libc_nano.a(libc_a-__atexit.o)
__bss_end__                                       c:/Users/colle/AppData/Roaming/Code/User/globalStorage/bmd.stm32-for-vscode/@xpack-dev-tools/arm-none-eabi-gcc/15.2.1-1.1.1/.content/bin/../lib/gcc/arm-none-eabi/15.2.1/../../../../arm-none-eabi/lib/thumb/v7e-m+fp/hard/crt0.o
__bss_start__                                     c:/Users/colle/AppData/Roaming/Code/User/globalStorage/bmd.stm32-for-vscode/@xpack-dev-tools/arm-none-eabi-gcc/15.2.1-1.1.1/.content/bin/../lib/gcc/arm-none-eabi/15.2.1/../../../../arm-none-eabi/lib/thumb/v7e-m+fp/hard/crt0.o
__call_exitprocs                                  c:/Users/colle/AppData/Roaming/Code/User/globalStorage/bmd.stm32-for-vscode/@xpack-dev-tools/arm-none-eabi-gcc/15.2.1-1.1.1/.content/bin/../lib/gcc/arm-none-eabi/15.2.1/../../../../arm-none-eabi/lib/thumb/v7e-m+fp/hard\libc_nano.a(libc_a-__call_atexit.o)
                                                  c:/Users/colle/AppData/Roaming/Code/User/globalStorage/bmd.stm32-for-vscode/@xpack-dev-tools/arm-none-eabi-gcc/15.2.1-1.1.1/.content/bin/../lib/gcc/arm-none-eabi/15.2.1/../../../../arm-none-eabi/lib/thumb/v7e-m+fp/hard\libc_nano.a(libc_a-__atexit.o)
                                                  c:/Users/colle/AppData/Roaming/Code/User/globalStorage/bmd.stm32-for-vscode/@xpack-dev-tools/arm-none-eabi-gcc/15.2.1-1.1.1/.content/bin/../lib/gcc/arm-none-eabi/15.2.1/../../../../arm-none-eabi/lib/thumb/v7e-m+fp/hard\libc_nano.a(libc_a-exit.o)
__deregister_frame_info                           c:/Users/colle/AppData/Roaming/Code/User/globalStorage/bmd.stm32-for-vscode/@xpack-dev-tools/arm-none-eabi-gcc/15.2.1-1.1.1/.content/bin/../lib/gcc/arm-none-eabi/15.2.1/thumb/v7e-m+fp/hard/crtbegin.o
__dso_handle                                      c:/Users/colle/AppData/Roaming/Code/User/globalStorage/bmd.stm32-for-vscode/@xpack-dev-tools/arm-none-eabi-gcc/15.2.1-1.1.1/.content/bin/../lib/gcc/arm-none-eabi/15.2.1/thumb/v7e-m+fp/hard/crtbegin.o
__env                                             build/debug/syscalls.o
__errno                                           c:/Users/colle/AppData/Roaming/Code/User/globalStorage/bmd.stm32-for-vscode/@xpack-dev-tools/arm-none-eabi-gcc/15.2.1-1.1.1/.content/bin/../lib/gcc/arm-none-eabi/15.2.1/../../../../arm-none-eabi/lib/thumb/v7e-m+fp/hard\libc_nano.a(libc_a-errno.o)
                                                  build/debug/sysmem.o
                                                  build/debug/syscalls.o
__fini_array_end                                  c:/Users/colle/AppData/Roaming/Code/User/globalStorage/bmd.stm32-for-vscode/@xpack-dev-tools/arm-none-eabi-gcc/15.2.1-1.1.1/.content/bin/../lib/gcc/arm-none-eabi/15.2.1/../../../../arm-none-eabi/lib/thumb/v7e-m+fp/hard\libc_nano.a(libc_a-fini.o)
__fini_array_start                                c:/Users/colle/AppData/Roaming/Code/User/globalStorage/bmd.stm32-for-vscode/@xpack-dev-tools/arm-none-eabi-gcc/15.2.1-1.1.1/.content/bin/../lib/gcc/arm-none-eabi/15.2.1/../../../../arm-none-eabi/lib/thumb/v7e-m+fp/hard\libc_nano.a(libc_a-fini.o)
__fp_lock_all                                     c:/Users/colle/AppData/Roaming/Code/User/globalStorage/bmd.stm32-for-vscode/@xpack-dev-tools/arm-none-eabi-gcc/15.2.1-1.1.1/.content/bin/../lib/gcc/arm-none-eabi/15.2.1/../../../../arm-none-eabi/lib/thumb/v7e-m+fp/hard\libc_nano.a(libc_a-findfp.o)
__fp_unlock_all                                   c:/Users/colle/AppData/Roaming/Code/User/globalStorage/bmd.stm32-for-vscode/@xpack-dev-tools/arm-none-eabi-gcc/15.2.1-1.1.1/.content/bin/../lib/gcc/arm-none-eabi/15.2.1/../../../../arm-none-eabi/lib/thumb/v7e-m+fp/hard\libc_nano.a(libc_a-findfp.o)
__init_array_end                                  c:/Users/colle/AppData/Roaming/Code/User/globalStorage/bmd.stm32-for-vscode/@xpack-dev-tools/arm-none-eabi-gcc/15.2.1-1.1.1/.content/bin/../lib/gcc/arm-none-eabi/15.2.1/../../../../arm-none-eabi/lib/thumb/v7e-m+fp/hard\libc_nano.a(libc_a-init.o)
__init_array_start                                c:/Users/colle/AppData/Roaming/Code/User/globalStorage/bmd.stm32-for-vscode/@xpack-dev-tools/arm-none-eabi-gcc/15.2.1-1.1.1/.content/bin/../lib/gcc/arm-none-eabi/15.2.1/../../../../arm-none-eabi/lib/thumb/v7e-m+fp/hard\libc_nano.a(libc_a-init.o)
__io_getchar                                      build/debug/syscalls.o
__io_putchar                                      build/debug/syscalls.o
__libc_fini_array                                 c:/Users/colle/AppData/Roaming/Code/User/globalStorage/bmd.stm32-for-vscode/@xpack-dev-tools/arm-none-eabi-gcc/15.2.1-1.1.1/.content/bin/../lib/gcc/arm-none-eabi/15.2.1/../../../../arm-none-eabi/lib/thumb/v7e-m+fp/hard\libc_nano.a(libc_a-fini.o)
                                                  c:/Users/colle/AppData/Roaming/Code/User/globalStorage/bmd.stm32-for-vscode/@xpack-dev-tools/arm-none-eabi-gcc/15.2.1-1.1.1/.content/bin/../lib/gcc/arm-none-eabi/15.2.1/../../../../arm-none-eabi/lib/thumb/v7e-m+fp/hard/crt0.o
__libc_init_array                                 c:/Users/colle/AppData/Roaming/Code/User/globalStorage/bmd.stm32-for-vscode/@xpack-dev-tools/arm-none-eabi-gcc/15.2.1-1.1.1/.content/bin/../lib/gcc/arm-none-eabi/15.2.1/../../../../arm-none-eabi/lib/thumb/v7e-m+fp/hard\libc_nano.a(libc_a-init.o)
                                                  build/debug/startup_stm32f401xe.o
                                                  c:/Users/colle/AppData/Roaming/Code/User/globalStorage/bmd.stm32-for-vscode/@xpack-dev-tools/arm-none-eabi-gcc/15.2.1-1.1.1/.content/bin/../lib/gcc/arm-none-eabi/15.2.1/../../../../arm-none-eabi/lib/thumb/v7e-m+fp/hard/crt0.o
__lock___arc4random_mutex                         c:/Users/colle/AppData/Roaming/Code/User/globalStorage/bmd.stm32-for-vscode/@xpack-dev-tools/arm-none-eabi-gcc/15.2.1-1.1.1/.content/bin/../lib/gcc/arm-none-eabi/15.2.1/../../../../arm-none-eabi/lib/thumb/v7e-m+fp/hard\libc_nano.a(libc_a-lock.o)
__lock___at_quick_exit_mutex                      c:/Users/colle/AppData/Roaming/Code/User/globalStorage/bmd.stm32-for-vscode/@xpack-dev-tools/arm-none-eabi-gcc/15.2.1-1.1.1/.content/bin/../lib/gcc/arm-none-eabi/15.2.1/../../../../arm-none-eabi/lib/thumb/v7e-m+fp/hard\libc_nano.a(libc_a-lock.o)
__lock___atexit_recursive_mutex                   c:/Users/colle/AppData/Roaming/Code/User/globalStorage/bmd.stm32-for-vscode/@xpack-dev-tools/arm-none-eabi-gcc/15.2.1-1.1.1/.content/bin/../lib/gcc/arm-none-eabi/15.2.1/../../../../arm-none-eabi/lib/thumb/v7e-m+fp/hard\libc_nano.a(libc_a-lock.o)
                                                  c:/Users/colle/AppData/Roaming/Code/User/globalStorage/bmd.stm32-for-vscode/@xpack-dev-tools/arm-none-eabi-gcc/15.2.1-1.1.1/.content/bin/../lib/gcc/arm-none-eabi/15.2.1/../../../../arm-none-eabi/lib/thumb/v7e-m+fp/hard\libc_nano.a(libc_a-__call_atexit.o)
__lock___dd_hash_mutex                            c:/Users/colle/AppData/Roaming/Code/User/globalStorage/bmd.stm32-for-vscode/@xpack-dev-tools/arm-none-eabi-gcc/15.2.1-1.1.1/.content/bin/../lib/gcc/arm-none-eabi/15.2.1/../../../../arm-none-eabi/lib/thumb/v7e-m+fp/hard\libc_nano.a(libc_a-lock.o)
__lock___env_recursive_mutex                      c:/Users/colle/AppData/Roaming/Code/User/globalStorage/bmd.stm32-for-vscode/@xpack-dev-tools/arm-none-eabi-gcc/15.2.1-1.1.1/.content/bin/../lib/gcc/arm-none-eabi/15.2.1/../../../../arm-none-eabi/lib/thumb/v7e-m+fp/hard\libc_nano.a(libc_a-lock.o)
__lock___malloc_recursive_mutex                   c:/Users/colle/AppData/Roaming/Code/User/globalStorage/bmd.stm32-for-vscode/@xpack-dev-tools/arm-none-eabi-gcc/15.2.1-1.1.1/.content/bin/../lib/gcc/arm-none-eabi/15.2.1/../../../../arm-none-eabi/lib/thumb/v7e-m+fp/hard\libc_nano.a(libc_a-lock.o)
                                                  c:/Users/colle/AppData/Roaming/Code/User/globalStorage/bmd.stm32-for-vscode/@xpack-dev-tools/arm-none-eabi-gcc/15.2.1-1.1.1/.content/bin/../lib/gcc/arm-none-eabi/15.2.1/../../../../arm-none-eabi/lib/thumb/v7e-m+fp/hard\libc_nano.a(libc_a-mlock.o)
__lock___sfp_recursive_mutex                      c:/Users/colle/AppData/Roaming/Code/User/globalStorage/bmd.stm32-for-vscode/@xpack-dev-tools/arm-none-eabi-gcc/15.2.1-1.1.1/.content/bin/../lib/gcc/arm-none-eabi/15.2.1/../../../../arm-none-eabi/lib/thumb/v7e-m+fp/hard\libc_nano.a(libc_a-lock.o)
                                                  c:/Users/colle/AppData/Roaming/Code/User/globalStorage/bmd.stm32-for-vscode/@xpack-dev-tools/arm-none-eabi-gcc/15.2.1-1.1.1/.content/bin/../lib/gcc/arm-none-eabi/15.2.1/../../../../arm-none-eabi/lib/thumb/v7e-m+fp/hard\libc_nano.a(libc_a-findfp.o)
__lock___tz_mutex                                 c:/Users/colle/AppData/Roaming/Code/User/globalStorage/bmd.stm32-for-vscode/@xpack-dev-tools/arm-none-eabi-gcc/15.2.1-1.1.1/.content/bin/../lib/gcc/arm-none-eabi/15.2.1/../../../../arm-none-eabi/lib/thumb/v7e-m+fp/hard\libc_nano.a(libc_a-lock.o)
__malloc_free_list                                c:/Users/colle/AppData/Roaming/Code/User/globalStorage/bmd.stm32-for-vscode/@xpack-dev-tools/arm-none-eabi-gcc/15.2.1-1.1.1/.content/bin/../lib/gcc/arm-none-eabi/15.2.1/../../../../arm-none-eabi/lib/thumb/v7e-m+fp/hard\libc_nano.a(libc_a-mallocr.o)
                                                  c:/Users/colle/AppData/Roaming/Code/User/globalStorage/bmd.stm32-for-vscode/@xpack-dev-tools/arm-none-eabi-gcc/15.2.1-1.1.1/.content/bin/../lib/gcc/arm-none-eabi/15.2.1/../../../../arm-none-eabi/lib/thumb/v7e-m+fp/hard\libc_nano.a(libc_a-freer.o)
__malloc_lock                                     c:/Users/colle/AppData/Roaming/Code/User/globalStorage/bmd.stm32-for-vscode/@xpack-dev-tools/arm-none-eabi-gcc/15.2.1-1.1.1/.content/bin/../lib/gcc/arm-none-eabi/15.2.1/../../../../arm-none-eabi/lib/thumb/v7e-m+fp/hard\libc_nano.a(libc_a-mlock.o)
                                                  c:/Users/colle/AppData/Roaming/Code/User/globalStorage/bmd.stm32-for-vscode/@xpack-dev-tools/arm-none-eabi-gcc/15.2.1-1.1.1/.content/bin/../lib/gcc/arm-none-eabi/15.2.1/../../../../arm-none-eabi/lib/thumb/v7e-m+fp/hard\libc_nano.a(libc_a-mallocr.o)
                                                  c:/Users/colle/AppData/Roaming/Code/User/globalStorage/bmd.stm32-for-vscode/@xpack-dev-tools/arm-none-eabi-gcc/15.2.1-1.1.1/.content/bin/../lib/gcc/arm-none-eabi/15.2.1/../../../../arm-none-eabi/lib/thumb/v7e-m+fp/hard\libc_nano.a(libc_a-freer.o)
__malloc_sbrk_start                               c:/Users/colle/AppData/Roaming/Code/User/globalStorage/bmd.stm32-for-vscode/@xpack-dev-tools/arm-none-eabi-gcc/15.2.1-1.1.1/.content/bin/../lib/gcc/arm-none-eabi/15.2.1/../../../../arm-none-eabi/lib/thumb/v7e-m+fp/hard\libc_nano.a(libc_a-mallocr.o)
__malloc_unlock                                   c:/Users/colle/AppData/Roaming/Code/User/globalStorage/bmd.stm32-for-vscode/@xpack-dev-tools/arm-none-eabi-gcc/15.2.1-1.1.1/.content/bin/../lib/gcc/arm-none-eabi/15.2.1/../../../../arm-none-eabi/lib/thumb/v7e-m+fp/hard\libc_nano.a(libc_a-mlock.o)
                                                  c:/Users/colle/AppData/Roaming/Code/User/globalStorage/bmd.stm32-for-vscode/@xpack-dev-tools/arm-none-eabi-gcc/15.2.1-1.1.1/.content/bin/../lib/gcc/arm-none-eabi/15.2.1/../../../../arm-none-eabi/lib/thumb/v7e-m+fp/hard\libc_nano.a(libc_a-mallocr.o)
                                                  c:/Users/colle/AppData/Roaming/Code/User/globalStorage/bmd.stm32-for-vscode/@xpack-dev-tools/arm-none-eabi-gcc/15.2.1-1.1.1/.content/bin/../lib/gcc/arm-none-eabi/15.2.1/../../../../arm-none-eabi/lib/thumb/v7e-m+fp/hard\libc_nano.a(libc_a-freer.o)
__on_exit_args                                    c:/Users/colle/AppData/Roaming/Code/User/globalStorage/bmd.stm32-for-vscode/@xpack-dev-tools/arm-none-eabi-gcc/15.2.1-1.1.1/.content/bin/../lib/gcc/arm-none-eabi/15.2.1/../../../../arm-none-eabi/lib/thumb/v7e-m+fp/hard\libc_nano.a(libc_a-__atexit.o)
__preinit_array_end                               c:/Users/colle/AppData/Roaming/Code/User/globalStorage/bmd.stm32-for-vscode/@xpack-dev-tools/arm-none-eabi-gcc/15.2.1-1.1.1/.content/bin/../lib/gcc/arm-none-eabi/15.2.1/../../../../arm-none-eabi/lib/thumb/v7e-m+fp/hard\libc_nano.a(libc_a-init.o)
__preinit_array_start                             c:/Users/colle/AppData/Roaming/Code/User/globalStorage/bmd.stm32-for-vscode/@xpack-dev-tools/arm-none-eabi-gcc/15.2.1-1.1.1/.content/bin/../lib/gcc/arm-none-eabi/15.2.1/../../../../arm-none-eabi/lib/thumb/v7e-m+fp/hard\libc_nano.a(libc_a-init.o)
__register_exitproc                               c:/Users/colle/AppData/Roaming/Code/User/globalStorage/bmd.stm32-for-vscode/@xpack-dev-tools/arm-none-eabi-gcc/15.2.1-1.1.1/.content/bin/../lib/gcc/arm-none-eabi/15.2.1/../../../../arm-none-eabi/lib/thumb/v7e-m+fp/hard\libc_nano.a(libc_a-__atexit.o)
                                                  c:/Users/colle/AppData/Roaming/Code/User/globalStorage/bmd.stm32-for-vscode/@xpack-dev-tools/arm-none-eabi-gcc/15.2.1-1.1.1/.content/bin/../lib/gcc/arm-none-eabi/15.2.1/../../../../arm-none-eabi/lib/thumb/v7e-m+fp/hard\libc_nano.a(libc_a-atexit.o)
__register_frame_info                             c:/Users/colle/AppData/Roaming/Code/User/globalStorage/bmd.stm32-for-vscode/@xpack-dev-tools/arm-none-eabi-gcc/15.2.1-1.1.1/.content/bin/../lib/gcc/arm-none-eabi/15.2.1/thumb/v7e-m+fp/hard/crtbegin.o
__retarget_lock_acquire                           c:/Users/colle/AppData/Roaming/Code/User/globalStorage/bmd.stm32-for-vscode/@xpack-dev-tools/arm-none-eabi-gcc/15.2.1-1.1.1/.content/bin/../lib/gcc/arm-none-eabi/15.2.1/../../../../arm-none-eabi/lib/thumb/v7e-m+fp/hard\libc_nano.a(libc_a-lock.o)
__retarget_lock_acquire_recursive                 c:/Users/colle/AppData/Roaming/Code/User/globalStorage/bmd.stm32-for-vscode/@xpack-dev-tools/arm-none-eabi-gcc/15.2.1-1.1.1/.content/bin/../lib/gcc/arm-none-eabi/15.2.1/../../../../arm-none-eabi/lib/thumb/v7e-m+fp/hard\libc_nano.a(libc_a-lock.o)
                                                  c:/Users/colle/AppData/Roaming/Code/User/globalStorage/bmd.stm32-for-vscode/@xpack-dev-tools/arm-none-eabi-gcc/15.2.1-1.1.1/.content/bin/../lib/gcc/arm-none-eabi/15.2.1/../../../../arm-none-eabi/lib/thumb/v7e-m+fp/hard\libc_nano.a(libc_a-fflush.o)
                                                  c:/Users/colle/AppData/Roaming/Code/User/globalStorage/bmd.stm32-for-vscode/@xpack-dev-tools/arm-none-eabi-gcc/15.2.1-1.1.1/.content/bin/../lib/gcc/arm-none-eabi/15.2.1/../../../../arm-none-eabi/lib/thumb/v7e-m+fp/hard\libc_nano.a(libc_a-mlock.o)
                                                  c:/Users/colle/AppData/Roaming/Code/User/globalStorage/bmd.stm32-for-vscode/@xpack-dev-tools/arm-none-eabi-gcc/15.2.1-1.1.1/.content/bin/../lib/gcc/arm-none-eabi/15.2.1/../../../../arm-none-eabi/lib/thumb/v7e-m+fp/hard\libc_nano.a(libc_a-__call_atexit.o)
                                                  c:/Users/colle/AppData/Roaming/Code/User/globalStorage/bmd.stm32-for-vscode/@xpack-dev-tools/arm-none-eabi-gcc/15.2.1-1.1.1/.content/bin/../lib/gcc/arm-none-eabi/15.2.1/../../../../arm-none-eabi/lib/thumb/v7e-m+fp/hard\libc_nano.a(libc_a-__atexit.o)
                                                  c:/Users/colle/AppData/Roaming/Code/User/globalStorage/bmd.stm32-for-vscode/@xpack-dev-tools/arm-none-eabi-gcc/15.2.1-1.1.1/.content/bin/../lib/gcc/arm-none-eabi/15.2.1/../../../../arm-none-eabi/lib/thumb/v7e-m+fp/hard\libc_nano.a(libc_a-findfp.o)
__retarget_lock_close                             c:/Users/colle/AppData/Roaming/Code/User/globalStorage/bmd.stm32-for-vscode/@xpack-dev-tools/arm-none-eabi-gcc/15.2.1-1.1.1/.content/bin/../lib/gcc/arm-none-eabi/15.2.1/../../../../arm-none-eabi/lib/thumb/v7e-m+fp/hard\libc_nano.a(libc_a-lock.o)
__retarget_lock_close_recursive                   c:/Users/colle/AppData/Roaming/Code/User/globalStorage/bmd.stm32-for-vscode/@xpack-dev-tools/arm-none-eabi-gcc/15.2.1-1.1.1/.content/bin/../lib/gcc/arm-none-eabi/15.2.1/../../../../arm-none-eabi/lib/thumb/v7e-m+fp/hard\libc_nano.a(libc_a-lock.o)
__retarget_lock_init                              c:/Users/colle/AppData/Roaming/Code/User/globalStorage/bmd.stm32-for-vscode/@xpack-dev-tools/arm-none-eabi-gcc/15.2.1-1.1.1/.content/bin/../lib/gcc/arm-none-eabi/15.2.1/../../../../arm-none-eabi/lib/thumb/v7e-m+fp/hard\libc_nano.a(libc_a-lock.o)
__retarget_lock_init_recursive                    c:/Users/colle/AppData/Roaming/Code/User/globalStorage/bmd.stm32-for-vscode/@xpack-dev-tools/arm-none-eabi-gcc/15.2.1-1.1.1/.content/bin/../lib/gcc/arm-none-eabi/15.2.1/../../../../arm-none-eabi/lib/thumb/v7e-m+fp/hard\libc_nano.a(libc_a-lock.o)
                                                  c:/Users/colle/AppData/Roaming/Code/User/globalStorage/bmd.stm32-for-vscode/@xpack-dev-tools/arm-none-eabi-gcc/15.2.1-1.1.1/.content/bin/../lib/gcc/arm-none-eabi/15.2.1/../../../../arm-none-eabi/lib/thumb/v7e-m+fp/hard\libc_nano.a(libc_a-findfp.o)
__retarget_lock_release                           c:/Users/colle/AppData/Roaming/Code/User/globalStorage/bmd.stm32-for-vscode/@xpack-dev-tools/arm-none-eabi-gcc/15.2.1-1.1.1/.content/bin/../lib/gcc/arm-none-eabi/15.2.1/../../../../arm-none-eabi/lib/thumb/v7e-m+fp/hard\libc_nano.a(libc_a-lock.o)
__retarget_lock_release_recursive                 c:/Users/colle/AppData/Roaming/Code/User/globalStorage/bmd.stm32-for-vscode/@xpack-dev-tools/arm-none-eabi-gcc/15.2.1-1.1.1/.content/bin/../lib/gcc/arm-none-eabi/15.2.1/../../../../arm-none-eabi/lib/thumb/v7e-m+fp/hard\libc_nano.a(libc_a-lock.o)
                                                  c:/Users/colle/AppData/Roaming/Code/User/globalStorage/bmd.stm32-for-vscode/@xpack-dev-tools/arm-none-eabi-gcc/15.2.1-1.1.1/.content/bin/../lib/gcc/arm-none-eabi/15.2.1/../../../../arm-none-eabi/lib/thumb/v7e-m+fp/hard\libc_nano.a(libc_a-fflush.o)
                                                  c:/Users/colle/AppData/Roaming/Code/User/globalStorage/bmd.stm32-for-vscode/@xpack-dev-tools/arm-none-eabi-gcc/15.2.1-1.1.1/.content/bin/../lib/gcc/arm-none-eabi/15.2.1/../../../../arm-none-eabi/lib/thumb/v7e-m+fp/hard\libc_nano.a(libc_a-mlock.o)
                                                  c:/Users/colle/AppData/Roaming/Code/User/globalStorage/bmd.stm32-for-vscode/@xpack-dev-tools/arm-none-eabi-gcc/15.2.1-1.1.1/.content/bin/../lib/gcc/arm-none-eabi/15.2.1/../../../../arm-none-eabi/lib/thumb/v7e-m+fp/hard\libc_nano.a(libc_a-__call_atexit.o)
                                                  c:/Users/colle/AppData/Roaming/Code/User/globalStorage/bmd.stm32-for-vscode/@xpack-dev-tools/arm-none-eabi-gcc/15.2.1-1.1.1/.content/bin/../lib/gcc/arm-none-eabi/15.2.1/../../../../arm-none-eabi/lib/thumb/v7e-m+fp/hard\libc_nano.a(libc_a-__atexit.o)
                                                  c:/Users/colle/AppData/Roaming/Code/User/globalStorage/bmd.stm32-for-vscode/@xpack-dev-tools/arm-none-eabi-gcc/15.2.1-1.1.1/.content/bin/../lib/gcc/arm-none-eabi/15.2.1/../../../../arm-none-eabi/lib/thumb/v7e-m+fp/hard\libc_nano.a(libc_a-findfp.o)
__retarget_lock_try_acquire                       c:/Users/colle/AppData/Roaming/Code/User/globalStorage/bmd.stm32-for-vscode/@xpack-dev-tools/arm-none-eabi-gcc/15.2.1-1.1.1/.content/bin/../lib/gcc/arm-none-eabi/15.2.1/../../../../arm-none-eabi/lib/thumb/v7e-m+fp/hard\libc_nano.a(libc_a-lock.o)
__retarget_lock_try_acquire_recursive             c:/Users/colle/AppData/Roaming/Code/User/globalStorage/bmd.stm32-for-vscode/@xpack-dev-tools/arm-none-eabi-gcc/15.2.1-1.1.1/.content/bin/../lib/gcc/arm-none-eabi/15.2.1/../../../../arm-none-eabi/lib/thumb/v7e-m+fp/hard\libc_nano.a(libc_a-lock.o)
__sclose                                          c:/Users/colle/AppData/Roaming/Code/User/globalStorage/bmd.stm32-for-vscode/@xpack-dev-tools/arm-none-eabi-gcc/15.2.1-1.1.1/.content/bin/../lib/gcc/arm-none-eabi/15.2.1/../../../../arm-none-eabi/lib/thumb/v7e-m+fp/hard\libc_nano.a(libc_a-stdio.o)
                                                  c:/Users/colle/AppData/Roaming/Code/User/globalStorage/bmd.stm32-for-vscode/@xpack-dev-tools/arm-none-eabi-gcc/15.2.1-1.1.1/.content/bin/../lib/gcc/arm-none-eabi/15.2.1/../../../../arm-none-eabi/lib/thumb/v7e-m+fp/hard\libc_nano.a(libc_a-findfp.o)
__seofread                                        c:/Users/colle/AppData/Roaming/Code/User/globalStorage/bmd.stm32-for-vscode/@xpack-dev-tools/arm-none-eabi-gcc/15.2.1-1.1.1/.content/bin/../lib/gcc/arm-none-eabi/15.2.1/../../../../arm-none-eabi/lib/thumb/v7e-m+fp/hard\libc_nano.a(libc_a-stdio.o)
__sf                                              c:/Users/colle/AppData/Roaming/Code/User/globalStorage/bmd.stm32-for-vscode/@xpack-dev-tools/arm-none-eabi-gcc/15.2.1-1.1.1/.content/bin/../lib/gcc/arm-none-eabi/15.2.1/../../../../arm-none-eabi/lib/thumb/v7e-m+fp/hard\libc_nano.a(libc_a-findfp.o)
                                                  c:/Users/colle/AppData/Roaming/Code/User/globalStorage/bmd.stm32-for-vscode/@xpack-dev-tools/arm-none-eabi-gcc/15.2.1-1.1.1/.content/bin/../lib/gcc/arm-none-eabi/15.2.1/../../../../arm-none-eabi/lib/thumb/v7e-m+fp/hard\libc_nano.a(libc_a-impure.o)
__sflush_r                                        c:/Users/colle/AppData/Roaming/Code/User/globalStorage/bmd.stm32-for-vscode/@xpack-dev-tools/arm-none-eabi-gcc/15.2.1-1.1.1/.content/bin/../lib/gcc/arm-none-eabi/15.2.1/../../../../arm-none-eabi/lib/thumb/v7e-m+fp/hard\libc_nano.a(libc_a-fflush.o)
__sfp                                             c:/Users/colle/AppData/Roaming/Code/User/globalStorage/bmd.stm32-for-vscode/@xpack-dev-tools/arm-none-eabi-gcc/15.2.1-1.1.1/.content/bin/../lib/gcc/arm-none-eabi/15.2.1/../../../../arm-none-eabi/lib/thumb/v7e-m+fp/hard\libc_nano.a(libc_a-findfp.o)
__sfp_lock_acquire                                c:/Users/colle/AppData/Roaming/Code/User/globalStorage/bmd.stm32-for-vscode/@xpack-dev-tools/arm-none-eabi-gcc/15.2.1-1.1.1/.content/bin/../lib/gcc/arm-none-eabi/15.2.1/../../../../arm-none-eabi/lib/thumb/v7e-m+fp/hard\libc_nano.a(libc_a-findfp.o)
__sfp_lock_release                                c:/Users/colle/AppData/Roaming/Code/User/globalStorage/bmd.stm32-for-vscode/@xpack-dev-tools/arm-none-eabi-gcc/15.2.1-1.1.1/.content/bin/../lib/gcc/arm-none-eabi/15.2.1/../../../../arm-none-eabi/lib/thumb/v7e-m+fp/hard\libc_nano.a(libc_a-findfp.o)
__sglue                                           c:/Users/colle/AppData/Roaming/Code/User/globalStorage/bmd.stm32-for-vscode/@xpack-dev-tools/arm-none-eabi-gcc/15.2.1-1.1.1/.content/bin/../lib/gcc/arm-none-eabi/15.2.1/../../../../arm-none-eabi/lib/thumb/v7e-m+fp/hard\libc_nano.a(libc_a-findfp.o)
                                                  c:/Users/colle/AppData/Roaming/Code/User/globalStorage/bmd.stm32-for-vscode/@xpack-dev-tools/arm-none-eabi-gcc/15.2.1-1.1.1/.content/bin/../lib/gcc/arm-none-eabi/15.2.1/../../../../arm-none-eabi/lib/thumb/v7e-m+fp/hard\libc_nano.a(libc_a-fflush.o)
__sinit                                           c:/Users/colle/AppData/Roaming/Code/User/globalStorage/bmd.stm32-for-vscode/@xpack-dev-tools/arm-none-eabi-gcc/15.2.1-1.1.1/.content/bin/../lib/gcc/arm-none-eabi/15.2.1/../../../../arm-none-eabi/lib/thumb/v7e-m+fp/hard\libc_nano.a(libc_a-findfp.o)
                                                  c:/Users/colle/AppData/Roaming/Code/User/globalStorage/bmd.stm32-for-vscode/@xpack-dev-tools/arm-none-eabi-gcc/15.2.1-1.1.1/.content/bin/../lib/gcc/arm-none-eabi/15.2.1/../../../../arm-none-eabi/lib/thumb/v7e-m+fp/hard\libc_nano.a(libc_a-fflush.o)
__sread                                           c:/Users/colle/AppData/Roaming/Code/User/globalStorage/bmd.stm32-for-vscode/@xpack-dev-tools/arm-none-eabi-gcc/15.2.1-1.1.1/.content/bin/../lib/gcc/arm-none-eabi/15.2.1/../../../../arm-none-eabi/lib/thumb/v7e-m+fp/hard\libc_nano.a(libc_a-stdio.o)
                                                  c:/Users/colle/AppData/Roaming/Code/User/globalStorage/bmd.stm32-for-vscode/@xpack-dev-tools/arm-none-eabi-gcc/15.2.1-1.1.1/.content/bin/../lib/gcc/arm-none-eabi/15.2.1/../../../../arm-none-eabi/lib/thumb/v7e-m+fp/hard\libc_nano.a(libc_a-findfp.o)
__sseek                                           c:/Users/colle/AppData/Roaming/Code/User/globalStorage/bmd.stm32-for-vscode/@xpack-dev-tools/arm-none-eabi-gcc/15.2.1-1.1.1/.content/bin/../lib/gcc/arm-none-eabi/15.2.1/../../../../arm-none-eabi/lib/thumb/v7e-m+fp/hard\libc_nano.a(libc_a-stdio.o)
                                                  c:/Users/colle/AppData/Roaming/Code/User/globalStorage/bmd.stm32-for-vscode/@xpack-dev-tools/arm-none-eabi-gcc/15.2.1-1.1.1/.content/bin/../lib/gcc/arm-none-eabi/15.2.1/../../../../arm-none-eabi/lib/thumb/v7e-m+fp/hard\libc_nano.a(libc_a-findfp.o)
__stack                                           c:/Users/colle/AppData/Roaming/Code/User/globalStorage/bmd.stm32-for-vscode/@xpack-dev-tools/arm-none-eabi-gcc/15.2.1-1.1.1/.content/bin/../lib/gcc/arm-none-eabi/15.2.1/../../../../arm-none-eabi/lib/thumb/v7e-m+fp/hard/crt0.o
__stdio_exit_handler                              c:/Users/colle/AppData/Roaming/Code/User/globalStorage/bmd.stm32-for-vscode/@xpack-dev-tools/arm-none-eabi-gcc/15.2.1-1.1.1/.content/bin/../lib/gcc/arm-none-eabi/15.2.1/../../../../arm-none-eabi/lib/thumb/v7e-m+fp/hard\libc_nano.a(libc_a-findfp.o)
                                                  c:/Users/colle/AppData/Roaming/Code/User/globalStorage/bmd.stm32-for-vscode/@xpack-dev-tools/arm-none-eabi-gcc/15.2.1-1.1.1/.content/bin/../lib/gcc/arm-none-eabi/15.2.1/../../../../arm-none-eabi/lib/thumb/v7e-m+fp/hard\libc_nano.a(libc_a-exit.o)
__swrite                                          c:/Users/colle/AppData/Roaming/Code/User/globalStorage/bmd.stm32-for-vscode/@xpack-dev-tools/arm-none-eabi-gcc/15.2.1-1.1.1/.content/bin/../lib/gcc/arm-none-eabi/15.2.1/../../../../arm-none-eabi/lib/thumb/v7e-m+fp/hard\libc_nano.a(libc_a-stdio.o)
                                                  c:/Users/colle/AppData/Roaming/Code/User/globalStorage/bmd.stm32-for-vscode/@xpack-dev-tools/arm-none-eabi-gcc/15.2.1-1.1.1/.content/bin/../lib/gcc/arm-none-eabi/15.2.1/../../../../arm-none-eabi/lib/thumb/v7e-m+fp/hard\libc_nano.a(libc_a-findfp.o)
__udivmoddi4                                      c:/Users/colle/AppData/Roaming/Code/User/globalStorage/bmd.stm32-for-vscode/@xpack-dev-tools/arm-none-eabi-gcc/15.2.1-1.1.1/.content/bin/../lib/gcc/arm-none-eabi/15.2.1/thumb/v7e-m+fp/hard\libgcc.a(_udivmoddi4.o)
                                                  c:/Users/colle/AppData/Roaming/Code/User/globalStorage/bmd.stm32-for-vscode/@xpack-dev-tools/arm-none-eabi-gcc/15.2.1-1.1.1/.content/bin/../lib/gcc/arm-none-eabi/15.2.1/thumb/v7e-m+fp/hard\libgcc.a(_aeabi_uldivmod.o)
_close                                            build/debug/syscalls.o
                                                  c:/Users/colle/AppData/Roaming/Code/User/globalStorage/bmd.stm32-for-vscode/@xpack-dev-tools/arm-none-eabi-gcc/15.2.1-1.1.1/.content/bin/../lib/gcc/arm-none-eabi/15.2.1/../../../../arm-none-eabi/lib/thumb/v7e-m+fp/hard\libc_nano.a(libc_a-closer.o)
_close_r                                          c:/Users/colle/AppData/Roaming/Code/User/globalStorage/bmd.stm32-for-vscode/@xpack-dev-tools/arm-none-eabi-gcc/15.2.1-1.1.1/.content/bin/../lib/gcc/arm-none-eabi/15.2.1/../../../../arm-none-eabi/lib/thumb/v7e-m+fp/hard\libc_nano.a(libc_a-closer.o)
                                                  c:/Users/colle/AppData/Roaming/Code/User/globalStorage/bmd.stm32-for-vscode/@xpack-dev-tools/arm-none-eabi-gcc/15.2.1-1.1.1/.content/bin/../lib/gcc/arm-none-eabi/15.2.1/../../../../arm-none-eabi/lib/thumb/v7e-m+fp/hard\libc_nano.a(libc_a-stdio.o)
_ebss                                             build/debug/startup_stm32f401xe.o
_edata                                            build/debug/startup_stm32f401xe.o
_end                                              build/debug/sysmem.o
_estack                                           build/debug/startup_stm32f401xe.o
                                                  build/debug/sysmem.o
_execve                                           build/debug/syscalls.o
_exit                                             build/debug/syscalls.o
                                                  c:/Users/colle/AppData/Roaming/Code/User/globalStorage/bmd.stm32-for-vscode/@xpack-dev-tools/arm-none-eabi-gcc/15.2.1-1.1.1/.content/bin/../lib/gcc/arm-none-eabi/15.2.1/../../../../arm-none-eabi/lib/thumb/v7e-m+fp/hard\libc_nano.a(libc_a-exit.o)
_fflush_r                                         c:/Users/colle/AppData/Roaming/Code/User/globalStorage/bmd.stm32-for-vscode/@xpack-dev-tools/arm-none-eabi-gcc/15.2.1-1.1.1/.content/bin/../lib/gcc/arm-none-eabi/15.2.1/../../../../arm-none-eabi/lib/thumb/v7e-m+fp/hard\libc_nano.a(libc_a-fflush.o)
                                                  c:/Users/colle/AppData/Roaming/Code/User/globalStorage/bmd.stm32-for-vscode/@xpack-dev-tools/arm-none-eabi-gcc/15.2.1-1.1.1/.content/bin/../lib/gcc/arm-none-eabi/15.2.1/../../../../arm-none-eabi/lib/thumb/v7e-m+fp/hard\libc_nano.a(libc_a-findfp.o)
_fini                                             c:/Users/colle/AppData/Roaming/Code/User/globalStorage/bmd.stm32-for-vscode/@xpack-dev-tools/arm-none-eabi-gcc/15.2.1-1.1.1/.content/bin/../lib/gcc/arm-none-eabi/15.2.1/thumb/v7e-m+fp/hard/crti.o
                                                  c:/Users/colle/AppData/Roaming/Code/User/globalStorage/bmd.stm32-for-vscode/@xpack-dev-tools/arm-none-eabi-gcc/15.2.1-1.1.1/.content/bin/../lib/gcc/arm-none-eabi/15.2.1/../../../../arm-none-eabi/lib/thumb/v7e-m+fp/hard\libc_nano.a(libc_a-fini.o)
_fork                                             build/debug/syscalls.o
_free_r                                           c:/Users/colle/AppData/Roaming/Code/User/globalStorage/bmd.stm32-for-vscode/@xpack-dev-tools/arm-none-eabi-gcc/15.2.1-1.1.1/.content/bin/../lib/gcc/arm-none-eabi/15.2.1/../../../../arm-none-eabi/lib/thumb/v7e-m+fp/hard\libc_nano.a(libc_a-freer.o)
                                                  c:/Users/colle/AppData/Roaming/Code/User/globalStorage/bmd.stm32-for-vscode/@xpack-dev-tools/arm-none-eabi-gcc/15.2.1-1.1.1/.content/bin/../lib/gcc/arm-none-eabi/15.2.1/../../../../arm-none-eabi/lib/thumb/v7e-m+fp/hard\libc_nano.a(libc_a-fflush.o)
                                                  c:/Users/colle/AppData/Roaming/Code/User/globalStorage/bmd.stm32-for-vscode/@xpack-dev-tools/arm-none-eabi-gcc/15.2.1-1.1.1/.content/bin/../lib/gcc/arm-none-eabi/15.2.1/../../../../arm-none-eabi/lib/thumb/v7e-m+fp/hard\libc_nano.a(libc_a-reent.o)
_fstat                                            build/debug/syscalls.o
_fwalk_sglue                                      c:/Users/colle/AppData/Roaming/Code/User/globalStorage/bmd.stm32-for-vscode/@xpack-dev-tools/arm-none-eabi-gcc/15.2.1-1.1.1/.content/bin/../lib/gcc/arm-none-eabi/15.2.1/../../../../arm-none-eabi/lib/thumb/v7e-m+fp/hard\libc_nano.a(libc_a-fwalk.o)
                                                  c:/Users/colle/AppData/Roaming/Code/User/globalStorage/bmd.stm32-for-vscode/@xpack-dev-tools/arm-none-eabi-gcc/15.2.1-1.1.1/.content/bin/../lib/gcc/arm-none-eabi/15.2.1/../../../../arm-none-eabi/lib/thumb/v7e-m+fp/hard\libc_nano.a(libc_a-fflush.o)
                                                  c:/Users/colle/AppData/Roaming/Code/User/globalStorage/bmd.stm32-for-vscode/@xpack-dev-tools/arm-none-eabi-gcc/15.2.1-1.1.1/.content/bin/../lib/gcc/arm-none-eabi/15.2.1/../../../../arm-none-eabi/lib/thumb/v7e-m+fp/hard\libc_nano.a(libc_a-findfp.o)
_getpid                                           build/debug/syscalls.o
_impure_data                                      c:/Users/colle/AppData/Roaming/Code/User/globalStorage/bmd.stm32-for-vscode/@xpack-dev-tools/arm-none-eabi-gcc/15.2.1-1.1.1/.content/bin/../lib/gcc/arm-none-eabi/15.2.1/../../../../arm-none-eabi/lib/thumb/v7e-m+fp/hard\libc_nano.a(libc_a-impure.o)